

================================================================
== Vivado HLS Report for 'iosc_controlOutLeds'
================================================================
* Date:           Thu Oct  4 15:21:49 2018

* Version:        2017.2 (Build 1909853 on Thu Jun 15 18:55:24 MDT 2017)
* Project:        HLSexerciseWithSystemC
* Solution:       solution1
* Product family: zynq
* Target device:  xc7z010clg400-1


================================================================
== Performance Estimates
================================================================
+ Timing (ns): 
    * Summary: 
    +--------+-------+----------+------------+
    |  Clock | Target| Estimated| Uncertainty|
    +--------+-------+----------+------------+
    |ap_clk  |  10.00|      4.49|        1.25|
    +--------+-------+----------+------------+

+ Latency (clock cycles): 
    * Summary: 
    +-----+-----+-----+-----+---------+
    |  Latency  |  Interval | Pipeline|
    | min | max | min | max |   Type  |
    +-----+-----+-----+-----+---------+
    |    3|    3|    3|    3|   none  |
    +-----+-----+-----+-----+---------+

    + Detail: 
        * Instance: 
        N/A

        * Loop: 
        +----------+-----+-----+----------+-----------+-----------+------+----------+
        |          |  Latency  | Iteration|  Initiation Interval  | Trip |          |
        | Loop Name| min | max |  Latency |  achieved |   target  | Count| Pipelined|
        +----------+-----+-----+----------+-----------+-----------+------+----------+
        |- Loop 1  |    1|    1|         1|          -|          -|  inf |    no    |
        +----------+-----+-----+----------+-----------+-----------+------+----------+



================================================================
== Utilization Estimates
================================================================
* Summary: 
+-----------------+---------+-------+-------+-------+
|       Name      | BRAM_18K| DSP48E|   FF  |  LUT  |
+-----------------+---------+-------+-------+-------+
|DSP              |        -|      -|      -|      -|
|Expression       |        -|      -|    101|     47|
|FIFO             |        -|      -|      -|      -|
|Instance         |        -|      -|      -|      -|
|Memory           |        -|      -|      -|      -|
|Multiplexer      |        -|      -|      -|     51|
|Register         |        -|      -|     35|      -|
+-----------------+---------+-------+-------+-------+
|Total            |        0|      0|    136|     98|
+-----------------+---------+-------+-------+-------+
|Available        |      120|     80|  35200|  17600|
+-----------------+---------+-------+-------+-------+
|Utilization (%)  |        0|      0|   ~0  |   ~0  |
+-----------------+---------+-------+-------+-------+

+ Detail: 
    * Instance: 
    N/A

    * DSP48: 
    N/A

    * Memory: 
    N/A

    * FIFO: 
    N/A

    * Expression: 
    +----------------------------+----------+-------+-----+----+------------+------------+
    |        Variable Name       | Operation| DSP48E|  FF | LUT| Bitwidth P0| Bitwidth P1|
    +----------------------------+----------+-------+-----+----+------------+------------+
    |internalLEDValue_fu_157_p2  |     +    |      0|  101|  37|           1|          32|
    |ap_condition_40             |    and   |      0|    0|   2|           1|           1|
    |v_V_fu_141_p2               |    and   |      0|    0|   4|           4|           4|
    |tmp_fu_148_p2               |   icmp   |      0|    0|   2|           4|           5|
    |ap_condition_92             |    or    |      0|    0|   2|           1|           1|
    +----------------------------+----------+-------+-----+----+------------+------------+
    |Total                       |          |      0|  101|  47|          11|          43|
    +----------------------------+----------+-------+-----+----+------------+------------+

    * Multiplexer: 
    +-----------------+----+-----------+-----+-----------+
    |       Name      | LUT| Input Size| Bits| Total Bits|
    +-----------------+----+-----------+-----+-----------+
    |ap_NS_fsm        |  21|          4|    1|          4|
    |outLeds          |  21|          4|    4|         16|
    |v_assign_fu_106  |   9|          2|   32|         64|
    +-----------------+----+-----------+-----+-----------+
    |Total            |  51|         10|   37|         84|
    +-----------------+----+-----------+-----+-----------+

    * Register: 
    +-----------------+----+----+-----+-----------+
    |       Name      | FF | LUT| Bits| Const Bits|
    +-----------------+----+----+-----+-----------+
    |ap_CS_fsm        |   3|   0|    3|          0|
    |v_assign_fu_106  |  32|   0|   32|          0|
    +-----------------+----+----+-----+-----------+
    |Total            |  35|   0|   35|          0|
    +-----------------+----+----+-----+-----------+



================================================================
== Interface
================================================================
* Summary: 
+----------------+-----+-----+------------+----------------------+--------------+
|    RTL Ports   | Dir | Bits|  Protocol  |     Source Object    |    C Type    |
+----------------+-----+-----+------------+----------------------+--------------+
|ap_clk          |  in |    1| ap_ctrl_hs | iosc::controlOutLeds | return value |
|ap_rst          |  in |    1| ap_ctrl_hs | iosc::controlOutLeds | return value |
|ctrl            |  in |    4|   ap_none  |         ctrl         |    pointer   |
|inSwitch        |  in |    4|   ap_none  |       inSwitch       |    pointer   |
|outLeds         | out |    4|   ap_vld   |        outLeds       |    pointer   |
|outLeds_ap_vld  | out |    1|   ap_vld   |        outLeds       |    pointer   |
|internalPulse   |  in |    1|   ap_none  |     internalPulse    |    pointer   |
+----------------+-----+-----+------------+----------------------+--------------+

