10:29:46 **** Build of project lab4_bsp ****
make -k all 
"Running Make include in ps7_cortexa9_0/libsrc/bram_v4_1/src"
make -C ps7_cortexa9_0/libsrc/bram_v4_1/src -s include  "SHELL=CMD" "COMPILER=arm-none-eabi-gcc" "ARCHIVER=arm-none-eabi-ar" "COMPILER_FLAGS=  -O2 -c" "EXTRA_COMPILER_FLAGS=-mcpu=cortex-a9 -mfpu=vfpv3 -mfloat-abi=hard -nostartfiles -Wall -Wextra"
"Running Make include in ps7_cortexa9_0/libsrc/coresightps_dcc_v1_4/src"
make -C ps7_cortexa9_0/libsrc/coresightps_dcc_v1_4/src -s include  "SHELL=CMD" "COMPILER=arm-none-eabi-gcc" "ARCHIVER=arm-none-eabi-ar" "COMPILER_FLAGS=  -O2 -c" "EXTRA_COMPILER_FLAGS=-mcpu=cortex-a9 -mfpu=vfpv3 -mfloat-abi=hard -nostartfiles -Wall -Wextra"
"Running Make include in ps7_cortexa9_0/libsrc/cpu_cortexa9_v2_4/src"
make -C ps7_cortexa9_0/libsrc/cpu_cortexa9_v2_4/src -s include  "SHELL=CMD" "COMPILER=arm-none-eabi-gcc" "ARCHIVER=arm-none-eabi-ar" "COMPILER_FLAGS=  -O2 -c" "EXTRA_COMPILER_FLAGS=-mcpu=cortex-a9 -mfpu=vfpv3 -mfloat-abi=hard -nostartfiles -Wall -Wextra"
"Running Make include in ps7_cortexa9_0/libsrc/ddrps_v1_0/src"
make -C ps7_cortexa9_0/libsrc/ddrps_v1_0/src -s include  "SHELL=CMD" "COMPILER=arm-none-eabi-gcc" "ARCHIVER=arm-none-eabi-ar" "COMPILER_FLAGS=  -O2 -c" "EXTRA_COMPILER_FLAGS=-mcpu=cortex-a9 -mfpu=vfpv3 -mfloat-abi=hard -nostartfiles -Wall -Wextra"
"Running Make include in ps7_cortexa9_0/libsrc/devcfg_v3_4/src"
make -C ps7_cortexa9_0/libsrc/devcfg_v3_4/src -s include  "SHELL=CMD" "COMPILER=arm-none-eabi-gcc" "ARCHIVER=arm-none-eabi-ar" "COMPILER_FLAGS=  -O2 -c" "EXTRA_COMPILER_FLAGS=-mcpu=cortex-a9 -mfpu=vfpv3 -mfloat-abi=hard -nostartfiles -Wall -Wextra"
"Running Make include in ps7_cortexa9_0/libsrc/dmaps_v2_3/src"
make -C ps7_cortexa9_0/libsrc/dmaps_v2_3/src -s include  "SHELL=CMD" "COMPILER=arm-none-eabi-gcc" "ARCHIVER=arm-none-eabi-ar" "COMPILER_FLAGS=  -O2 -c" "EXTRA_COMPILER_FLAGS=-mcpu=cortex-a9 -mfpu=vfpv3 -mfloat-abi=hard -nostartfiles -Wall -Wextra"
"Running Make include in ps7_cortexa9_0/libsrc/gpio_v4_3/src"
make -C ps7_cortexa9_0/libsrc/gpio_v4_3/src -s include  "SHELL=CMD" "COMPILER=arm-none-eabi-gcc" "ARCHIVER=arm-none-eabi-ar" "COMPILER_FLAGS=  -O2 -c" "EXTRA_COMPILER_FLAGS=-mcpu=cortex-a9 -mfpu=vfpv3 -mfloat-abi=hard -nostartfiles -Wall -Wextra"
"Running Make include in ps7_cortexa9_0/libsrc/gpiops_v3_3/src"
make -C ps7_cortexa9_0/libsrc/gpiops_v3_3/src -s include  "SHELL=CMD" "COMPILER=arm-none-eabi-gcc" "ARCHIVER=arm-none-eabi-ar" "COMPILER_FLAGS=  -O2 -c" "EXTRA_COMPILER_FLAGS=-mcpu=cortex-a9 -mfpu=vfpv3 -mfloat-abi=hard -nostartfiles -Wall -Wextra"
"Running Make include in ps7_cortexa9_0/libsrc/led_ip_v1_0/src"
make -C ps7_cortexa9_0/libsrc/led_ip_v1_0/src -s include  "SHELL=CMD" "COMPILER=arm-none-eabi-gcc" "ARCHIVER=arm-none-eabi-ar" "COMPILER_FLAGS=  -O2 -c" "EXTRA_COMPILER_FLAGS=-mcpu=cortex-a9 -mfpu=vfpv3 -mfloat-abi=hard -nostartfiles -Wall -Wextra"
"Running Make include in ps7_cortexa9_0/libsrc/scugic_v3_7/src"
make -C ps7_cortexa9_0/libsrc/scugic_v3_7/src -s include  "SHELL=CMD" "COMPILER=arm-none-eabi-gcc" "ARCHIVER=arm-none-eabi-ar" "COMPILER_FLAGS=  -O2 -c" "EXTRA_COMPILER_FLAGS=-mcpu=cortex-a9 -mfpu=vfpv3 -mfloat-abi=hard -nostartfiles -Wall -Wextra"
"Running Make include in ps7_cortexa9_0/libsrc/scutimer_v2_1/src"
make -C ps7_cortexa9_0/libsrc/scutimer_v2_1/src -s include  "SHELL=CMD" "COMPILER=arm-none-eabi-gcc" "ARCHIVER=arm-none-eabi-ar" "COMPILER_FLAGS=  -O2 -c" "EXTRA_COMPILER_FLAGS=-mcpu=cortex-a9 -mfpu=vfpv3 -mfloat-abi=hard -nostartfiles -Wall -Wextra"
"Running Make include in ps7_cortexa9_0/libsrc/scuwdt_v2_1/src"
make -C ps7_cortexa9_0/libsrc/scuwdt_v2_1/src -s include  "SHELL=CMD" "COMPILER=arm-none-eabi-gcc" "ARCHIVER=arm-none-eabi-ar" "COMPILER_FLAGS=  -O2 -c" "EXTRA_COMPILER_FLAGS=-mcpu=cortex-a9 -mfpu=vfpv3 -mfloat-abi=hard -nostartfiles -Wall -Wextra"
"Running Make include in ps7_cortexa9_0/libsrc/standalone_v6_3/src"
make -C ps7_cortexa9_0/libsrc/standalone_v6_3/src -s include  "SHELL=CMD" "COMPILER=arm-none-eabi-gcc" "ARCHIVER=arm-none-eabi-ar" "COMPILER_FLAGS=  -O2 -c" "EXTRA_COMPILER_FLAGS=-mcpu=cortex-a9 -mfpu=vfpv3 -mfloat-abi=hard -nostartfiles -Wall -Wextra"
"Running Make include in ps7_cortexa9_0/libsrc/uartps_v3_4/src"
make -C ps7_cortexa9_0/libsrc/uartps_v3_4/src -s include  "SHELL=CMD" "COMPILER=arm-none-eabi-gcc" "ARCHIVER=arm-none-eabi-ar" "COMPILER_FLAGS=  -O2 -c" "EXTRA_COMPILER_FLAGS=-mcpu=cortex-a9 -mfpu=vfpv3 -mfloat-abi=hard -nostartfiles -Wall -Wextra"
"Running Make include in ps7_cortexa9_0/libsrc/xadcps_v2_2/src"
make -C ps7_cortexa9_0/libsrc/xadcps_v2_2/src -s include  "SHELL=CMD" "COMPILER=arm-none-eabi-gcc" "ARCHIVER=arm-none-eabi-ar" "COMPILER_FLAGS=  -O2 -c" "EXTRA_COMPILER_FLAGS=-mcpu=cortex-a9 -mfpu=vfpv3 -mfloat-abi=hard -nostartfiles -Wall -Wextra"
"Running Make libs in ps7_cortexa9_0/libsrc/bram_v4_1/src"
make -C ps7_cortexa9_0/libsrc/bram_v4_1/src -s libs  "SHELL=CMD" "COMPILER=arm-none-eabi-gcc" "ARCHIVER=arm-none-eabi-ar" "COMPILER_FLAGS=  -O2 -c" "EXTRA_COMPILER_FLAGS=-mcpu=cortex-a9 -mfpu=vfpv3 -mfloat-abi=hard -nostartfiles -Wall -Wextra"
"Compiling bram"
arm-none-eabi-ar: creating ../../../lib/libxil.a
"Running Make libs in ps7_cortexa9_0/libsrc/coresightps_dcc_v1_4/src"
make -C ps7_cortexa9_0/libsrc/coresightps_dcc_v1_4/src -s libs  "SHELL=CMD" "COMPILER=arm-none-eabi-gcc" "ARCHIVER=arm-none-eabi-ar" "COMPILER_FLAGS=  -O2 -c" "EXTRA_COMPILER_FLAGS=-mcpu=cortex-a9 -mfpu=vfpv3 -mfloat-abi=hard -nostartfiles -Wall -Wextra"
"Compiling coresightps_dcc"
"Running Make libs in ps7_cortexa9_0/libsrc/cpu_cortexa9_v2_4/src"
make -C ps7_cortexa9_0/libsrc/cpu_cortexa9_v2_4/src -s libs  "SHELL=CMD" "COMPILER=arm-none-eabi-gcc" "ARCHIVER=arm-none-eabi-ar" "COMPILER_FLAGS=  -O2 -c" "EXTRA_COMPILER_FLAGS=-mcpu=cortex-a9 -mfpu=vfpv3 -mfloat-abi=hard -nostartfiles -Wall -Wextra"
"Compiling cpu_cortexa9"
"Running Make libs in ps7_cortexa9_0/libsrc/ddrps_v1_0/src"
make -C ps7_cortexa9_0/libsrc/ddrps_v1_0/src -s libs  "SHELL=CMD" "COMPILER=arm-none-eabi-gcc" "ARCHIVER=arm-none-eabi-ar" "COMPILER_FLAGS=  -O2 -c" "EXTRA_COMPILER_FLAGS=-mcpu=cortex-a9 -mfpu=vfpv3 -mfloat-abi=hard -nostartfiles -Wall -Wextra"
"Compiling ddrps"
"Running Make libs in ps7_cortexa9_0/libsrc/devcfg_v3_4/src"
make -C ps7_cortexa9_0/libsrc/devcfg_v3_4/src -s libs  "SHELL=CMD" "COMPILER=arm-none-eabi-gcc" "ARCHIVER=arm-none-eabi-ar" "COMPILER_FLAGS=  -O2 -c" "EXTRA_COMPILER_FLAGS=-mcpu=cortex-a9 -mfpu=vfpv3 -mfloat-abi=hard -nostartfiles -Wall -Wextra"
"Compiling devcfg"
"Running Make libs in ps7_cortexa9_0/libsrc/dmaps_v2_3/src"
make -C ps7_cortexa9_0/libsrc/dmaps_v2_3/src -s libs  "SHELL=CMD" "COMPILER=arm-none-eabi-gcc" "ARCHIVER=arm-none-eabi-ar" "COMPILER_FLAGS=  -O2 -c" "EXTRA_COMPILER_FLAGS=-mcpu=cortex-a9 -mfpu=vfpv3 -mfloat-abi=hard -nostartfiles -Wall -Wextra"
"Compiling dmaps"
"Running Make libs in ps7_cortexa9_0/libsrc/gpio_v4_3/src"
make -C ps7_cortexa9_0/libsrc/gpio_v4_3/src -s libs  "SHELL=CMD" "COMPILER=arm-none-eabi-gcc" "ARCHIVER=arm-none-eabi-ar" "COMPILER_FLAGS=  -O2 -c" "EXTRA_COMPILER_FLAGS=-mcpu=cortex-a9 -mfpu=vfpv3 -mfloat-abi=hard -nostartfiles -Wall -Wextra"
"Compiling gpio"
"Running Make libs in ps7_cortexa9_0/libsrc/gpiops_v3_3/src"
make -C ps7_cortexa9_0/libsrc/gpiops_v3_3/src -s libs  "SHELL=CMD" "COMPILER=arm-none-eabi-gcc" "ARCHIVER=arm-none-eabi-ar" "COMPILER_FLAGS=  -O2 -c" "EXTRA_COMPILER_FLAGS=-mcpu=cortex-a9 -mfpu=vfpv3 -mfloat-abi=hard -nostartfiles -Wall -Wextra"
"Compiling gpiops"
"Running Make libs in ps7_cortexa9_0/libsrc/led_ip_v1_0/src"
make -C ps7_cortexa9_0/libsrc/led_ip_v1_0/src -s libs  "SHELL=CMD" "COMPILER=arm-none-eabi-gcc" "ARCHIVER=arm-none-eabi-ar" "COMPILER_FLAGS=  -O2 -c" "EXTRA_COMPILER_FLAGS=-mcpu=cortex-a9 -mfpu=vfpv3 -mfloat-abi=hard -nostartfiles -Wall -Wextra"
"Compiling led_ip..."
led_ip_selftest.c: In function 'LED_IP_Reg_SelfTest':
led_ip_selftest.c:52:55: warning: comparison between signed and unsigned integer expressions [-Wsign-compare]
    if ( LED_IP_mReadReg (baseaddr, read_loop_index*4) != (read_loop_index+1)*READ_WRITE_MUL_FACTOR){
                                                       ^~
led_ip_selftest.c:36:6: warning: unused variable 'Index' [-Wunused-variable]
  int Index;
      ^~~~~
"Running Make libs in ps7_cortexa9_0/libsrc/scugic_v3_7/src"
make -C ps7_cortexa9_0/libsrc/scugic_v3_7/src -s libs  "SHELL=CMD" "COMPILER=arm-none-eabi-gcc" "ARCHIVER=arm-none-eabi-ar" "COMPILER_FLAGS=  -O2 -c" "EXTRA_COMPILER_FLAGS=-mcpu=cortex-a9 -mfpu=vfpv3 -mfloat-abi=hard -nostartfiles -Wall -Wextra"
"Compiling scugic"
xscugic_g.c:53:2: warning: missing initializer for field 'HandlerTable' of 'XScuGic_Config {aka struct <anonymous>}' [-Wmissing-field-initializers]
  }
  ^
In file included from xscugic_g.c:41:0:
xscugic.h:218:27: note: 'HandlerTable' declared here
  XScuGic_VectorTableEntry HandlerTable[XSCUGIC_MAX_NUM_INTR_INPUTS];/**<
                           ^~~~~~~~~~~~
"Running Make libs in ps7_cortexa9_0/libsrc/scutimer_v2_1/src"
make -C ps7_cortexa9_0/libsrc/scutimer_v2_1/src -s libs  "SHELL=CMD" "COMPILER=arm-none-eabi-gcc" "ARCHIVER=arm-none-eabi-ar" "COMPILER_FLAGS=  -O2 -c" "EXTRA_COMPILER_FLAGS=-mcpu=cortex-a9 -mfpu=vfpv3 -mfloat-abi=hard -nostartfiles -Wall -Wextra"
"Compiling scutimer"
"Running Make libs in ps7_cortexa9_0/libsrc/scuwdt_v2_1/src"
make -C ps7_cortexa9_0/libsrc/scuwdt_v2_1/src -s libs  "SHELL=CMD" "COMPILER=arm-none-eabi-gcc" "ARCHIVER=arm-none-eabi-ar" "COMPILER_FLAGS=  -O2 -c" "EXTRA_COMPILER_FLAGS=-mcpu=cortex-a9 -mfpu=vfpv3 -mfloat-abi=hard -nostartfiles -Wall -Wextra"
"Compiling scuwdt"
"Running Make libs in ps7_cortexa9_0/libsrc/standalone_v6_3/src"
make -C ps7_cortexa9_0/libsrc/standalone_v6_3/src -s libs  "SHELL=CMD" "COMPILER=arm-none-eabi-gcc" "ARCHIVER=arm-none-eabi-ar" "COMPILER_FLAGS=  -O2 -c" "EXTRA_COMPILER_FLAGS=-mcpu=cortex-a9 -mfpu=vfpv3 -mfloat-abi=hard -nostartfiles -Wall -Wextra"
"Compiling standalone"
"Running Make libs in ps7_cortexa9_0/libsrc/uartps_v3_4/src"
make -C ps7_cortexa9_0/libsrc/uartps_v3_4/src -s libs  "SHELL=CMD" "COMPILER=arm-none-eabi-gcc" "ARCHIVER=arm-none-eabi-ar" "COMPILER_FLAGS=  -O2 -c" "EXTRA_COMPILER_FLAGS=-mcpu=cortex-a9 -mfpu=vfpv3 -mfloat-abi=hard -nostartfiles -Wall -Wextra"
"Compiling uartps"
"Running Make libs in ps7_cortexa9_0/libsrc/xadcps_v2_2/src"
make -C ps7_cortexa9_0/libsrc/xadcps_v2_2/src -s libs  "SHELL=CMD" "COMPILER=arm-none-eabi-gcc" "ARCHIVER=arm-none-eabi-ar" "COMPILER_FLAGS=  -O2 -c" "EXTRA_COMPILER_FLAGS=-mcpu=cortex-a9 -mfpu=vfpv3 -mfloat-abi=hard -nostartfiles -Wall -Wextra"
"Compiling xadcps"
'Finished building libraries'

**** Build of configuration Debug for project lab4 ****

Nothing to build for project lab4
10:30:53 **** Auto Build of configuration Debug for project lab4 ****
make pre-build main-build 
a9-linaro-pre-build-step
' '
'Building file: ../src/lab4.c'
'Invoking: ARM v7 gcc compiler'
arm-none-eabi-gcc -Wall -O0 -g3 -c -fmessage-length=0 -MT"src/lab4.o" -mcpu=cortex-a9 -mfpu=vfpv3 -mfloat-abi=hard -I../../lab4_bsp/ps7_cortexa9_0/include -MMD -MP -MF"src/lab4.d" -MT"src/lab4.o" -o "src/lab4.o" "../src/lab4.c"
../src/lab4.c: In function 'main':
../src/lab4.c:14:27: error: 'XPAR_DIP_DEVICE_ID' undeclared (first use in this function)
    XGpio_Initialize(&dip, XPAR_DIP_DEVICE_ID); // Modify this
                           ^~~~~~~~~~~~~~~~~~
../src/lab4.c:14:27: note: each undeclared identifier is reported only once for each function it appears in
../src/lab4.c:17:28: error: 'XPAR_PUSH_DEVICE_ID' undeclared (first use in this function)
    XGpio_Initialize(&push, XPAR_PUSH_DEVICE_ID); // Modify this
                            ^~~~~~~~~~~~~~~~~~~
make: *** [src/lab4.o] Error 1
10:46:10 **** Auto Build of configuration Debug for project lab4 ****
make pre-build main-build 
a9-linaro-pre-build-step
' '
'Building file: ../src/lab4.c'
'Invoking: ARM v7 gcc compiler'
arm-none-eabi-gcc -Wall -O0 -g3 -c -fmessage-length=0 -MT"src/lab4.o" -mcpu=cortex-a9 -mfpu=vfpv3 -mfloat-abi=hard -I../../lab4_bsp/ps7_cortexa9_0/include -MMD -MP -MF"src/lab4.d" -MT"src/lab4.o" -o "src/lab4.o" "../src/lab4.c"
../src/lab4.c: In function 'main':
../src/lab4.c:17:28: error: 'XPAR_PUSH_DEVICE_ID' undeclared (first use in this function)
    XGpio_Initialize(&push, XPAR_PUSH_DEVICE_ID); // Modify this
                            ^~~~~~~~~~~~~~~~~~~
../src/lab4.c:17:28: note: each undeclared identifier is reported only once for each function it appears in
make: *** [src/lab4.o] Error 1
10:46:12 **** Auto Build of configuration Debug for project lab4 ****
make pre-build main-build 
a9-linaro-pre-build-step
' '
'Building file: ../src/lab4.c'
'Invoking: ARM v7 gcc compiler'
arm-none-eabi-gcc -Wall -O0 -g3 -c -fmessage-length=0 -MT"src/lab4.o" -mcpu=cortex-a9 -mfpu=vfpv3 -mfloat-abi=hard -I../../lab4_bsp/ps7_cortexa9_0/include -MMD -MP -MF"src/lab4.d" -MT"src/lab4.o" -o "src/lab4.o" "../src/lab4.c"
../src/lab4.c: In function 'main':
../src/lab4.c:14:27: error: 'XPAR_DIP_DEVICE_ID' undeclared (first use in this function)
    XGpio_Initialize(&dip, XPAR_DIP_DEVICE_ID); // Modify this
                           ^~~~~~~~~~~~~~~~~~
../src/lab4.c:14:27: note: each undeclared identifier is reported only once for each function it appears in
../src/lab4.c:17:28: error: 'XPAR_PUSH_DEVICE_ID' undeclared (first use in this function)
    XGpio_Initialize(&push, XPAR_PUSH_DEVICE_ID); // Modify this
                            ^~~~~~~~~~~~~~~~~~~
make: *** [src/lab4.o] Error 1
10:46:16 **** Auto Build of configuration Debug for project lab4 ****
make pre-build main-build 
a9-linaro-pre-build-step
' '
'Building file: ../src/lab4.c'
'Invoking: ARM v7 gcc compiler'
arm-none-eabi-gcc -Wall -O0 -g3 -c -fmessage-length=0 -MT"src/lab4.o" -mcpu=cortex-a9 -mfpu=vfpv3 -mfloat-abi=hard -I../../lab4_bsp/ps7_cortexa9_0/include -MMD -MP -MF"src/lab4.d" -MT"src/lab4.o" -o "src/lab4.o" "../src/lab4.c"
../src/lab4.c: In function 'main':
../src/lab4.c:17:28: error: 'XPAR_PUSH_DEVICE_ID' undeclared (first use in this function)
    XGpio_Initialize(&push, XPAR_PUSH_DEVICE_ID); // Modify this
                            ^~~~~~~~~~~~~~~~~~~
../src/lab4.c:17:28: note: each undeclared identifier is reported only once for each function it appears in
make: *** [src/lab4.o] Error 1
10:47:14 **** Auto Build of configuration Debug for project lab4 ****
make pre-build main-build 
a9-linaro-pre-build-step
' '
'Building file: ../src/lab4.c'
'Invoking: ARM v7 gcc compiler'
arm-none-eabi-gcc -Wall -O0 -g3 -c -fmessage-length=0 -MT"src/lab4.o" -mcpu=cortex-a9 -mfpu=vfpv3 -mfloat-abi=hard -I../../lab4_bsp/ps7_cortexa9_0/include -MMD -MP -MF"src/lab4.d" -MT"src/lab4.o" -o "src/lab4.o" "../src/lab4.c"
'Finished building: ../src/lab4.c'
' '
'Building target: lab4.elf'
'Invoking: ARM v7 gcc linker'
arm-none-eabi-gcc -mcpu=cortex-a9 -mfpu=vfpv3 -mfloat-abi=hard -Wl,-build-id=none -specs=Xilinx.spec -Wl,-T -Wl,../src/lscript.ld -L../../lab4_bsp/ps7_cortexa9_0/lib -o "lab4.elf"  ./src/lab4.o   -Wl,--start-group,-lxil,-lgcc,-lc,--end-group
'Finished building target: lab4.elf'
' '
'Invoking: ARM v7 Print Size'
arm-none-eabi-size lab4.elf  |tee "lab4.elf.size"
   text	   data	    bss	    dec	    hex	filename
  23428	   1188	  22584	  47200	   b860	lab4.elf
'Finished building: lab4.elf.size'
' '
10:48:09 **** Incremental Build of configuration Debug for project lab4 ****
make pre-build main-build 
a9-linaro-pre-build-step
' '
make: Nothing to be done for `main-build'.
10:51:26 **** Auto Build of project lab4_bsp ****
make -k all 
"Running Make include in ps7_cortexa9_0/libsrc/bram_v4_1/src"
make -C ps7_cortexa9_0/libsrc/bram_v4_1/src -s include  "SHELL=CMD" "COMPILER=arm-none-eabi-gcc" "ARCHIVER=arm-none-eabi-ar" "COMPILER_FLAGS=  -O2 -c" "EXTRA_COMPILER_FLAGS=-mcpu=cortex-a9 -mfpu=vfpv3 -mfloat-abi=hard -nostartfiles -Wall -Wextra"
"Running Make include in ps7_cortexa9_0/libsrc/coresightps_dcc_v1_4/src"
make -C ps7_cortexa9_0/libsrc/coresightps_dcc_v1_4/src -s include  "SHELL=CMD" "COMPILER=arm-none-eabi-gcc" "ARCHIVER=arm-none-eabi-ar" "COMPILER_FLAGS=  -O2 -c" "EXTRA_COMPILER_FLAGS=-mcpu=cortex-a9 -mfpu=vfpv3 -mfloat-abi=hard -nostartfiles -Wall -Wextra"
"Running Make include in ps7_cortexa9_0/libsrc/cpu_cortexa9_v2_4/src"
make -C ps7_cortexa9_0/libsrc/cpu_cortexa9_v2_4/src -s include  "SHELL=CMD" "COMPILER=arm-none-eabi-gcc" "ARCHIVER=arm-none-eabi-ar" "COMPILER_FLAGS=  -O2 -c" "EXTRA_COMPILER_FLAGS=-mcpu=cortex-a9 -mfpu=vfpv3 -mfloat-abi=hard -nostartfiles -Wall -Wextra"
"Running Make include in ps7_cortexa9_0/libsrc/ddrps_v1_0/src"
make -C ps7_cortexa9_0/libsrc/ddrps_v1_0/src -s include  "SHELL=CMD" "COMPILER=arm-none-eabi-gcc" "ARCHIVER=arm-none-eabi-ar" "COMPILER_FLAGS=  -O2 -c" "EXTRA_COMPILER_FLAGS=-mcpu=cortex-a9 -mfpu=vfpv3 -mfloat-abi=hard -nostartfiles -Wall -Wextra"
"Running Make include in ps7_cortexa9_0/libsrc/devcfg_v3_4/src"
make -C ps7_cortexa9_0/libsrc/devcfg_v3_4/src -s include  "SHELL=CMD" "COMPILER=arm-none-eabi-gcc" "ARCHIVER=arm-none-eabi-ar" "COMPILER_FLAGS=  -O2 -c" "EXTRA_COMPILER_FLAGS=-mcpu=cortex-a9 -mfpu=vfpv3 -mfloat-abi=hard -nostartfiles -Wall -Wextra"
"Running Make include in ps7_cortexa9_0/libsrc/dmaps_v2_3/src"
make -C ps7_cortexa9_0/libsrc/dmaps_v2_3/src -s include  "SHELL=CMD" "COMPILER=arm-none-eabi-gcc" "ARCHIVER=arm-none-eabi-ar" "COMPILER_FLAGS=  -O2 -c" "EXTRA_COMPILER_FLAGS=-mcpu=cortex-a9 -mfpu=vfpv3 -mfloat-abi=hard -nostartfiles -Wall -Wextra"
"Running Make include in ps7_cortexa9_0/libsrc/gpio_v4_3/src"
make -C ps7_cortexa9_0/libsrc/gpio_v4_3/src -s include  "SHELL=CMD" "COMPILER=arm-none-eabi-gcc" "ARCHIVER=arm-none-eabi-ar" "COMPILER_FLAGS=  -O2 -c" "EXTRA_COMPILER_FLAGS=-mcpu=cortex-a9 -mfpu=vfpv3 -mfloat-abi=hard -nostartfiles -Wall -Wextra"
"Running Make include in ps7_cortexa9_0/libsrc/gpiops_v3_3/src"
make -C ps7_cortexa9_0/libsrc/gpiops_v3_3/src -s include  "SHELL=CMD" "COMPILER=arm-none-eabi-gcc" "ARCHIVER=arm-none-eabi-ar" "COMPILER_FLAGS=  -O2 -c" "EXTRA_COMPILER_FLAGS=-mcpu=cortex-a9 -mfpu=vfpv3 -mfloat-abi=hard -nostartfiles -Wall -Wextra"
"Running Make include in ps7_cortexa9_0/libsrc/led_ip_v1_0/src"
make -C ps7_cortexa9_0/libsrc/led_ip_v1_0/src -s include  "SHELL=CMD" "COMPILER=arm-none-eabi-gcc" "ARCHIVER=arm-none-eabi-ar" "COMPILER_FLAGS=  -O2 -c" "EXTRA_COMPILER_FLAGS=-mcpu=cortex-a9 -mfpu=vfpv3 -mfloat-abi=hard -nostartfiles -Wall -Wextra"
"Running Make include in ps7_cortexa9_0/libsrc/scugic_v3_7/src"
make -C ps7_cortexa9_0/libsrc/scugic_v3_7/src -s include  "SHELL=CMD" "COMPILER=arm-none-eabi-gcc" "ARCHIVER=arm-none-eabi-ar" "COMPILER_FLAGS=  -O2 -c" "EXTRA_COMPILER_FLAGS=-mcpu=cortex-a9 -mfpu=vfpv3 -mfloat-abi=hard -nostartfiles -Wall -Wextra"
"Running Make include in ps7_cortexa9_0/libsrc/scutimer_v2_1/src"
make -C ps7_cortexa9_0/libsrc/scutimer_v2_1/src -s include  "SHELL=CMD" "COMPILER=arm-none-eabi-gcc" "ARCHIVER=arm-none-eabi-ar" "COMPILER_FLAGS=  -O2 -c" "EXTRA_COMPILER_FLAGS=-mcpu=cortex-a9 -mfpu=vfpv3 -mfloat-abi=hard -nostartfiles -Wall -Wextra"
"Running Make include in ps7_cortexa9_0/libsrc/scuwdt_v2_1/src"
make -C ps7_cortexa9_0/libsrc/scuwdt_v2_1/src -s include  "SHELL=CMD" "COMPILER=arm-none-eabi-gcc" "ARCHIVER=arm-none-eabi-ar" "COMPILER_FLAGS=  -O2 -c" "EXTRA_COMPILER_FLAGS=-mcpu=cortex-a9 -mfpu=vfpv3 -mfloat-abi=hard -nostartfiles -Wall -Wextra"
"Running Make include in ps7_cortexa9_0/libsrc/standalone_v6_3/src"
make -C ps7_cortexa9_0/libsrc/standalone_v6_3/src -s include  "SHELL=CMD" "COMPILER=arm-none-eabi-gcc" "ARCHIVER=arm-none-eabi-ar" "COMPILER_FLAGS=  -O2 -c" "EXTRA_COMPILER_FLAGS=-mcpu=cortex-a9 -mfpu=vfpv3 -mfloat-abi=hard -nostartfiles -Wall -Wextra"
"Running Make include in ps7_cortexa9_0/libsrc/uartps_v3_4/src"
make -C ps7_cortexa9_0/libsrc/uartps_v3_4/src -s include  "SHELL=CMD" "COMPILER=arm-none-eabi-gcc" "ARCHIVER=arm-none-eabi-ar" "COMPILER_FLAGS=  -O2 -c" "EXTRA_COMPILER_FLAGS=-mcpu=cortex-a9 -mfpu=vfpv3 -mfloat-abi=hard -nostartfiles -Wall -Wextra"
"Running Make include in ps7_cortexa9_0/libsrc/xadcps_v2_2/src"
make -C ps7_cortexa9_0/libsrc/xadcps_v2_2/src -s include  "SHELL=CMD" "COMPILER=arm-none-eabi-gcc" "ARCHIVER=arm-none-eabi-ar" "COMPILER_FLAGS=  -O2 -c" "EXTRA_COMPILER_FLAGS=-mcpu=cortex-a9 -mfpu=vfpv3 -mfloat-abi=hard -nostartfiles -Wall -Wextra"
"Running Make libs in ps7_cortexa9_0/libsrc/bram_v4_1/src"
make -C ps7_cortexa9_0/libsrc/bram_v4_1/src -s libs  "SHELL=CMD" "COMPILER=arm-none-eabi-gcc" "ARCHIVER=arm-none-eabi-ar" "COMPILER_FLAGS=  -O2 -c" "EXTRA_COMPILER_FLAGS=-mcpu=cortex-a9 -mfpu=vfpv3 -mfloat-abi=hard -nostartfiles -Wall -Wextra"
"Compiling bram"
"Running Make libs in ps7_cortexa9_0/libsrc/coresightps_dcc_v1_4/src"
make -C ps7_cortexa9_0/libsrc/coresightps_dcc_v1_4/src -s libs  "SHELL=CMD" "COMPILER=arm-none-eabi-gcc" "ARCHIVER=arm-none-eabi-ar" "COMPILER_FLAGS=  -O2 -c" "EXTRA_COMPILER_FLAGS=-mcpu=cortex-a9 -mfpu=vfpv3 -mfloat-abi=hard -nostartfiles -Wall -Wextra"
"Compiling coresightps_dcc"
"Running Make libs in ps7_cortexa9_0/libsrc/cpu_cortexa9_v2_4/src"
make -C ps7_cortexa9_0/libsrc/cpu_cortexa9_v2_4/src -s libs  "SHELL=CMD" "COMPILER=arm-none-eabi-gcc" "ARCHIVER=arm-none-eabi-ar" "COMPILER_FLAGS=  -O2 -c" "EXTRA_COMPILER_FLAGS=-mcpu=cortex-a9 -mfpu=vfpv3 -mfloat-abi=hard -nostartfiles -Wall -Wextra"
"Compiling cpu_cortexa9"
"Running Make libs in ps7_cortexa9_0/libsrc/ddrps_v1_0/src"
make -C ps7_cortexa9_0/libsrc/ddrps_v1_0/src -s libs  "SHELL=CMD" "COMPILER=arm-none-eabi-gcc" "ARCHIVER=arm-none-eabi-ar" "COMPILER_FLAGS=  -O2 -c" "EXTRA_COMPILER_FLAGS=-mcpu=cortex-a9 -mfpu=vfpv3 -mfloat-abi=hard -nostartfiles -Wall -Wextra"
"Compiling ddrps"
"Running Make libs in ps7_cortexa9_0/libsrc/devcfg_v3_4/src"
make -C ps7_cortexa9_0/libsrc/devcfg_v3_4/src -s libs  "SHELL=CMD" "COMPILER=arm-none-eabi-gcc" "ARCHIVER=arm-none-eabi-ar" "COMPILER_FLAGS=  -O2 -c" "EXTRA_COMPILER_FLAGS=-mcpu=cortex-a9 -mfpu=vfpv3 -mfloat-abi=hard -nostartfiles -Wall -Wextra"
"Compiling devcfg"
"Running Make libs in ps7_cortexa9_0/libsrc/dmaps_v2_3/src"
make -C ps7_cortexa9_0/libsrc/dmaps_v2_3/src -s libs  "SHELL=CMD" "COMPILER=arm-none-eabi-gcc" "ARCHIVER=arm-none-eabi-ar" "COMPILER_FLAGS=  -O2 -c" "EXTRA_COMPILER_FLAGS=-mcpu=cortex-a9 -mfpu=vfpv3 -mfloat-abi=hard -nostartfiles -Wall -Wextra"
"Compiling dmaps"
"Running Make libs in ps7_cortexa9_0/libsrc/gpio_v4_3/src"
make -C ps7_cortexa9_0/libsrc/gpio_v4_3/src -s libs  "SHELL=CMD" "COMPILER=arm-none-eabi-gcc" "ARCHIVER=arm-none-eabi-ar" "COMPILER_FLAGS=  -O2 -c" "EXTRA_COMPILER_FLAGS=-mcpu=cortex-a9 -mfpu=vfpv3 -mfloat-abi=hard -nostartfiles -Wall -Wextra"
"Compiling gpio"
"Running Make libs in ps7_cortexa9_0/libsrc/gpiops_v3_3/src"
make -C ps7_cortexa9_0/libsrc/gpiops_v3_3/src -s libs  "SHELL=CMD" "COMPILER=arm-none-eabi-gcc" "ARCHIVER=arm-none-eabi-ar" "COMPILER_FLAGS=  -O2 -c" "EXTRA_COMPILER_FLAGS=-mcpu=cortex-a9 -mfpu=vfpv3 -mfloat-abi=hard -nostartfiles -Wall -Wextra"
"Compiling gpiops"
"Running Make libs in ps7_cortexa9_0/libsrc/led_ip_v1_0/src"
make -C ps7_cortexa9_0/libsrc/led_ip_v1_0/src -s libs  "SHELL=CMD" "COMPILER=arm-none-eabi-gcc" "ARCHIVER=arm-none-eabi-ar" "COMPILER_FLAGS=  -O2 -c" "EXTRA_COMPILER_FLAGS=-mcpu=cortex-a9 -mfpu=vfpv3 -mfloat-abi=hard -nostartfiles -Wall -Wextra"
"Compiling led_ip..."
led_ip_selftest.c: In function 'LED_IP_Reg_SelfTest':
led_ip_selftest.c:52:55: warning: comparison between signed and unsigned integer expressions [-Wsign-compare]
    if ( LED_IP_mReadReg (baseaddr, read_loop_index*4) != (read_loop_index+1)*READ_WRITE_MUL_FACTOR){
                                                       ^~
led_ip_selftest.c:36:6: warning: unused variable 'Index' [-Wunused-variable]
  int Index;
      ^~~~~
"Running Make libs in ps7_cortexa9_0/libsrc/scugic_v3_7/src"
make -C ps7_cortexa9_0/libsrc/scugic_v3_7/src -s libs  "SHELL=CMD" "COMPILER=arm-none-eabi-gcc" "ARCHIVER=arm-none-eabi-ar" "COMPILER_FLAGS=  -O2 -c" "EXTRA_COMPILER_FLAGS=-mcpu=cortex-a9 -mfpu=vfpv3 -mfloat-abi=hard -nostartfiles -Wall -Wextra"
"Compiling scugic"
xscugic_g.c:53:2: warning: missing initializer for field 'HandlerTable' of 'XScuGic_Config {aka struct <anonymous>}' [-Wmissing-field-initializers]
  }
  ^
In file included from xscugic_g.c:41:0:
xscugic.h:218:27: note: 'HandlerTable' declared here
  XScuGic_VectorTableEntry HandlerTable[XSCUGIC_MAX_NUM_INTR_INPUTS];/**<
                           ^~~~~~~~~~~~
"Running Make libs in ps7_cortexa9_0/libsrc/scutimer_v2_1/src"
make -C ps7_cortexa9_0/libsrc/scutimer_v2_1/src -s libs  "SHELL=CMD" "COMPILER=arm-none-eabi-gcc" "ARCHIVER=arm-none-eabi-ar" "COMPILER_FLAGS=  -O2 -c" "EXTRA_COMPILER_FLAGS=-mcpu=cortex-a9 -mfpu=vfpv3 -mfloat-abi=hard -nostartfiles -Wall -Wextra"
"Compiling scutimer"
"Running Make libs in ps7_cortexa9_0/libsrc/scuwdt_v2_1/src"
make -C ps7_cortexa9_0/libsrc/scuwdt_v2_1/src -s libs  "SHELL=CMD" "COMPILER=arm-none-eabi-gcc" "ARCHIVER=arm-none-eabi-ar" "COMPILER_FLAGS=  -O2 -c" "EXTRA_COMPILER_FLAGS=-mcpu=cortex-a9 -mfpu=vfpv3 -mfloat-abi=hard -nostartfiles -Wall -Wextra"
"Compiling scuwdt"
"Running Make libs in ps7_cortexa9_0/libsrc/standalone_v6_3/src"
make -C ps7_cortexa9_0/libsrc/standalone_v6_3/src -s libs  "SHELL=CMD" "COMPILER=arm-none-eabi-gcc" "ARCHIVER=arm-none-eabi-ar" "COMPILER_FLAGS=  -O2 -c" "EXTRA_COMPILER_FLAGS=-mcpu=cortex-a9 -mfpu=vfpv3 -mfloat-abi=hard -nostartfiles -Wall -Wextra"
"Compiling standalone"
"Running Make libs in ps7_cortexa9_0/libsrc/uartps_v3_4/src"
make -C ps7_cortexa9_0/libsrc/uartps_v3_4/src -s libs  "SHELL=CMD" "COMPILER=arm-none-eabi-gcc" "ARCHIVER=arm-none-eabi-ar" "COMPILER_FLAGS=  -O2 -c" "EXTRA_COMPILER_FLAGS=-mcpu=cortex-a9 -mfpu=vfpv3 -mfloat-abi=hard -nostartfiles -Wall -Wextra"
"Compiling uartps"
"Running Make libs in ps7_cortexa9_0/libsrc/xadcps_v2_2/src"
make -C ps7_cortexa9_0/libsrc/xadcps_v2_2/src -s libs  "SHELL=CMD" "COMPILER=arm-none-eabi-gcc" "ARCHIVER=arm-none-eabi-ar" "COMPILER_FLAGS=  -O2 -c" "EXTRA_COMPILER_FLAGS=-mcpu=cortex-a9 -mfpu=vfpv3 -mfloat-abi=hard -nostartfiles -Wall -Wextra"
"Compiling xadcps"
'Finished building libraries'
10:51:47 **** Auto Build of configuration Debug for project lab4 ****
make pre-build main-build 
a9-linaro-pre-build-step
' '
'Building file: ../src/lab4.c'
'Invoking: ARM v7 gcc compiler'
arm-none-eabi-gcc -Wall -O0 -g3 -c -fmessage-length=0 -MT"src/lab4.o" -mcpu=cortex-a9 -mfpu=vfpv3 -mfloat-abi=hard -I../../lab4_bsp/ps7_cortexa9_0/include -MMD -MP -MF"src/lab4.d" -MT"src/lab4.o" -o "src/lab4.o" "../src/lab4.c"
'Finished building: ../src/lab4.c'
' '
'Building target: lab4.elf'
'Invoking: ARM v7 gcc linker'
arm-none-eabi-gcc -mcpu=cortex-a9 -mfpu=vfpv3 -mfloat-abi=hard -Wl,-build-id=none -specs=Xilinx.spec -Wl,-T -Wl,../src/lscript.ld -L../../lab4_bsp/ps7_cortexa9_0/lib -o "lab4.elf"  ./src/lab4.o   -Wl,--start-group,-lxil,-lgcc,-lc,--end-group
'Finished building target: lab4.elf'
' '
'Invoking: ARM v7 Print Size'
arm-none-eabi-size lab4.elf  |tee "lab4.elf.size"
   text	   data	    bss	    dec	    hex	filename
  23428	   1188	  22584	  47200	   b860	lab4.elf
'Finished building: lab4.elf.size'
' '
10:54:38 **** Auto Build of configuration Debug for project lab4 ****
make pre-build main-build 
a9-linaro-pre-build-step
' '
'Building file: ../src/lab4.c'
'Invoking: ARM v7 gcc compiler'
arm-none-eabi-gcc -Wall -O0 -g3 -c -fmessage-length=0 -MT"src/lab4.o" -mcpu=cortex-a9 -mfpu=vfpv3 -mfloat-abi=hard -I../../lab4_bsp/ps7_cortexa9_0/include -MMD -MP -MF"src/lab4.d" -MT"src/lab4.o" -o "src/lab4.o" "../src/lab4.c"
'Finished building: ../src/lab4.c'
' '
'Building target: lab4.elf'
'Invoking: ARM v7 gcc linker'
arm-none-eabi-gcc -mcpu=cortex-a9 -mfpu=vfpv3 -mfloat-abi=hard -Wl,-build-id=none -specs=Xilinx.spec -Wl,-T -Wl,../src/lscript.ld -L../../lab4_bsp/ps7_cortexa9_0/lib -o "lab4.elf"  ./src/lab4.o   -Wl,--start-group,-lxil,-lgcc,-lc,--end-group
'Finished building target: lab4.elf'
' '
'Invoking: ARM v7 Print Size'
arm-none-eabi-size lab4.elf  |tee "lab4.elf.size"
   text	   data	    bss	    dec	    hex	filename
  23428	   1188	  22584	  47200	   b860	lab4.elf
'Finished building: lab4.elf.size'
' '
10:55:31 **** Auto Build of configuration Debug for project lab4 ****
make pre-build main-build 
a9-linaro-pre-build-step
' '
'Building file: ../src/lab4.c'
'Invoking: ARM v7 gcc compiler'
arm-none-eabi-gcc -Wall -O0 -g3 -c -fmessage-length=0 -MT"src/lab4.o" -mcpu=cortex-a9 -mfpu=vfpv3 -mfloat-abi=hard -I../../lab4_bsp/ps7_cortexa9_0/include -MMD -MP -MF"src/lab4.d" -MT"src/lab4.o" -o "src/lab4.o" "../src/lab4.c"
'Finished building: ../src/lab4.c'
' '
'Building target: lab4.elf'
'Invoking: ARM v7 gcc linker'
arm-none-eabi-gcc -mcpu=cortex-a9 -mfpu=vfpv3 -mfloat-abi=hard -Wl,-build-id=none -specs=Xilinx.spec -Wl,-T -Wl,../src/lscript.ld -L../../lab4_bsp/ps7_cortexa9_0/lib -o "lab4.elf"  ./src/lab4.o   -Wl,--start-group,-lxil,-lgcc,-lc,--end-group
'Finished building target: lab4.elf'
' '
'Invoking: ARM v7 Print Size'
arm-none-eabi-size lab4.elf  |tee "lab4.elf.size"
   text	   data	    bss	    dec	    hex	filename
  23492	   1188	  22584	  47264	   b8a0	lab4.elf
'Finished building: lab4.elf.size'
' '
10:56:17 **** Incremental Build of configuration Debug for project lab4 ****
make pre-build main-build 
a9-linaro-pre-build-step
' '
make: Nothing to be done for `main-build'.
11:08:21 **** Incremental Build of configuration Debug for project lab4 ****
make pre-build main-build 
a9-linaro-pre-build-step
' '
make: Nothing to be done for `main-build'.
11:12:28 **** Clean-only build of configuration Debug for project lab4 ****
make clean 
rm -rf  ./src/lab4.o  ./src/lab4.d  lab4.elf.size  lab4.elf
' '
11:12:29 **** Auto Build of configuration Debug for project lab4 ****
make pre-build main-build 
a9-linaro-pre-build-step
' '
'Building file: ../src/lab4.c'
'Invoking: ARM v7 gcc compiler'
arm-none-eabi-gcc -Wall -O0 -g3 -c -fmessage-length=0 -MT"src/lab4.o" -mcpu=cortex-a9 -mfpu=vfpv3 -mfloat-abi=hard -I../../lab4_bsp/ps7_cortexa9_0/include -MMD -MP -MF"src/lab4.d" -MT"src/lab4.o" -o "src/lab4.o" "../src/lab4.c"
'Finished building: ../src/lab4.c'
' '
'Building target: lab4.elf'
'Invoking: ARM v7 gcc linker'
arm-none-eabi-gcc -mcpu=cortex-a9 -mfpu=vfpv3 -mfloat-abi=hard -Wl,-build-id=none -specs=Xilinx.spec -Wl,-T -Wl,../src/lscript.ld -L../../lab4_bsp/ps7_cortexa9_0/lib -o "lab4.elf"  ./src/lab4.o   -Wl,--start-group,-lxil,-lgcc,-lc,--end-group
d:/xilinx/sdk/2017.2/gnu/aarch32/nt/gcc-arm-none-eabi/bin/../lib/gcc/arm-none-eabi/6.2.1/../../../../arm-none-eabi/bin/ld.exe: lab4.elf section `.data' will not fit in region `axi_bram_ctrl_0_Mem0'
d:/xilinx/sdk/2017.2/gnu/aarch32/nt/gcc-arm-none-eabi/bin/../lib/gcc/arm-none-eabi/6.2.1/../../../../arm-none-eabi/bin/ld.exe: address 0x40008000 of lab4.elf section `.mmu_tbl' is not within region `axi_bram_ctrl_0_Mem0'
d:/xilinx/sdk/2017.2/gnu/aarch32/nt/gcc-arm-none-eabi/bin/../lib/gcc/arm-none-eabi/6.2.1/../../../../arm-none-eabi/bin/ld.exe: address 0x40008000 of lab4.elf section `.mmu_tbl' is not within region `axi_bram_ctrl_0_Mem0'
d:/xilinx/sdk/2017.2/gnu/aarch32/nt/gcc-arm-none-eabi/bin/../lib/gcc/arm-none-eabi/6.2.1/../../../../arm-none-eabi/bin/ld.exe: region `axi_bram_ctrl_0_Mem0' overflowed by 32832 bytes
collect2.exe: error: ld returned 1 exit status
make: *** [lab4.elf] Error 1
11:13:42 **** Clean-only build of configuration Debug for project lab4 ****
make clean 
rm -rf  ./src/lab4.o  ./src/lab4.d  lab4.elf.size  lab4.elf
' '
11:13:42 **** Auto Build of configuration Debug for project lab4 ****
make pre-build main-build 
a9-linaro-pre-build-step
' '
'Building file: ../src/lab4.c'
'Invoking: ARM v7 gcc compiler'
arm-none-eabi-gcc -Wall -O0 -g3 -c -fmessage-length=0 -MT"src/lab4.o" -mcpu=cortex-a9 -mfpu=vfpv3 -mfloat-abi=hard -I../../lab4_bsp/ps7_cortexa9_0/include -MMD -MP -MF"src/lab4.d" -MT"src/lab4.o" -o "src/lab4.o" "../src/lab4.c"
'Finished building: ../src/lab4.c'
' '
'Building target: lab4.elf'
'Invoking: ARM v7 gcc linker'
arm-none-eabi-gcc -mcpu=cortex-a9 -mfpu=vfpv3 -mfloat-abi=hard -Wl,-build-id=none -specs=Xilinx.spec -Wl,-T -Wl,../src/lscript.ld -L../../lab4_bsp/ps7_cortexa9_0/lib -o "lab4.elf"  ./src/lab4.o   -Wl,--start-group,-lxil,-lgcc,-lc,--end-group
'Finished building target: lab4.elf'
' '
'Invoking: ARM v7 Print Size'
arm-none-eabi-size lab4.elf  |tee "lab4.elf.size"
   text	   data	    bss	    dec	    hex	filename
  23492	   1188	   8240	  32920	   8098	lab4.elf
'Finished building: lab4.elf.size'
' '
11:14:39 **** Incremental Build of configuration Debug for project lab4 ****
make pre-build main-build 
a9-linaro-pre-build-step
' '
make: Nothing to be done for `main-build'.
11:14:45 **** Incremental Build of configuration Debug for project lab4 ****
make pre-build main-build 
a9-linaro-pre-build-step
' '
make: Nothing to be done for `main-build'.
11:15:11 **** Incremental Build of configuration Debug for project lab4 ****
make pre-build main-build 
a9-linaro-pre-build-step
' '
make: Nothing to be done for `main-build'.
09:24:49 **** Clean-only build of configuration Debug for project lab4 ****
make clean 
rm -rf  ./src/lab4.o  ./src/lab4.d  lab4.elf.size  lab4.elf
' '
09:24:50 **** Auto Build of configuration Debug for project lab4 ****
make pre-build main-build 
a9-linaro-pre-build-step
' '
'Building file: ../src/lab4.c'
'Invoking: ARM v7 gcc compiler'
arm-none-eabi-gcc -Wall -O0 -g3 -c -fmessage-length=0 -MT"src/lab4.o" -mcpu=cortex-a9 -mfpu=vfpv3 -mfloat-abi=hard -I../../lab4_bsp/ps7_cortexa9_0/include -MMD -MP -MF"src/lab4.d" -MT"src/lab4.o" -o "src/lab4.o" "../src/lab4.c"
'Finished building: ../src/lab4.c'
' '
'Building target: lab4.elf'
'Invoking: ARM v7 gcc linker'
arm-none-eabi-gcc -mcpu=cortex-a9 -mfpu=vfpv3 -mfloat-abi=hard -Wl,-build-id=none -specs=Xilinx.spec -Wl,-T -Wl,../src/lscript.ld -L../../lab4_bsp/ps7_cortexa9_0/lib -o "lab4.elf"  ./src/lab4.o   -Wl,--start-group,-lxil,-lgcc,-lc,--end-group
d:/xilinx/sdk/2017.2/gnu/aarch32/nt/gcc-arm-none-eabi/bin/../lib/gcc/arm-none-eabi/6.2.1/../../../../arm-none-eabi/bin/ld.exe: lab4.elf section `.data' will not fit in region `axi_bram_ctrl_0_Mem0'
d:/xilinx/sdk/2017.2/gnu/aarch32/nt/gcc-arm-none-eabi/bin/../lib/gcc/arm-none-eabi/6.2.1/../../../../arm-none-eabi/bin/ld.exe: address 0x40008000 of lab4.elf section `.mmu_tbl' is not within region `axi_bram_ctrl_0_Mem0'
d:/xilinx/sdk/2017.2/gnu/aarch32/nt/gcc-arm-none-eabi/bin/../lib/gcc/arm-none-eabi/6.2.1/../../../../arm-none-eabi/bin/ld.exe: address 0x40008000 of lab4.elf section `.mmu_tbl' is not within region `axi_bram_ctrl_0_Mem0'
d:/xilinx/sdk/2017.2/gnu/aarch32/nt/gcc-arm-none-eabi/bin/../lib/gcc/arm-none-eabi/6.2.1/../../../../arm-none-eabi/bin/ld.exe: region `axi_bram_ctrl_0_Mem0' overflowed by 32832 bytes
collect2.exe: error: ld returned 1 exit status
make: *** [lab4.elf] Error 1
09:28:23 **** Auto Build of configuration Debug for project lab4 ****
make pre-build main-build 
a9-linaro-pre-build-step
' '
'Building file: ../src/lab4.c'
'Invoking: ARM v7 gcc compiler'
arm-none-eabi-gcc -Wall -O0 -g3 -c -fmessage-length=0 -MT"src/lab4.o" -mcpu=cortex-a9 -mfpu=vfpv3 -mfloat-abi=hard -I../../lab4_bsp/ps7_cortexa9_0/include -MMD -MP -MF"src/lab4.d" -MT"src/lab4.o" -o "src/lab4.o" "../src/lab4.c"
../src/lab4.c: In function 'main':
../src/lab4.c:11:8: warning: unused variable 'i' [-Wunused-variable]
    int i, psb_check, dip_check;
        ^
'Finished building: ../src/lab4.c'
' '
'Building target: lab4.elf'
'Invoking: ARM v7 gcc linker'
arm-none-eabi-gcc -mcpu=cortex-a9 -mfpu=vfpv3 -mfloat-abi=hard -Wl,-build-id=none -specs=Xilinx.spec -Wl,-T -Wl,../src/lscript.ld -L../../lab4_bsp/ps7_cortexa9_0/lib -o "lab4.elf"  ./src/lab4.o   -Wl,--start-group,-lxil,-lgcc,-lc,--end-group
d:/xilinx/sdk/2017.2/gnu/aarch32/nt/gcc-arm-none-eabi/bin/../lib/gcc/arm-none-eabi/6.2.1/../../../../arm-none-eabi/bin/ld.exe: address 0x40008000 of lab4.elf section `.mmu_tbl' is not within region `axi_bram_ctrl_0_Mem0'
d:/xilinx/sdk/2017.2/gnu/aarch32/nt/gcc-arm-none-eabi/bin/../lib/gcc/arm-none-eabi/6.2.1/../../../../arm-none-eabi/bin/ld.exe: lab4.elf section `.init_array' will not fit in region `axi_bram_ctrl_0_Mem0'
d:/xilinx/sdk/2017.2/gnu/aarch32/nt/gcc-arm-none-eabi/bin/../lib/gcc/arm-none-eabi/6.2.1/../../../../arm-none-eabi/bin/ld.exe: address 0x40008000 of lab4.elf section `.mmu_tbl' is not within region `axi_bram_ctrl_0_Mem0'
d:/xilinx/sdk/2017.2/gnu/aarch32/nt/gcc-arm-none-eabi/bin/../lib/gcc/arm-none-eabi/6.2.1/../../../../arm-none-eabi/bin/ld.exe: region `axi_bram_ctrl_0_Mem0' overflowed by 32832 bytes
collect2.exe: error: ld returned 1 exit status
make: *** [lab4.elf] Error 1
09:28:26 **** Auto Build of configuration Debug for project lab4 ****
make pre-build main-build 
a9-linaro-pre-build-step
' '
'Building file: ../src/lab4.c'
'Invoking: ARM v7 gcc compiler'
arm-none-eabi-gcc -Wall -O0 -g3 -c -fmessage-length=0 -MT"src/lab4.o" -mcpu=cortex-a9 -mfpu=vfpv3 -mfloat-abi=hard -I../../lab4_bsp/ps7_cortexa9_0/include -MMD -MP -MF"src/lab4.d" -MT"src/lab4.o" -o "src/lab4.o" "../src/lab4.c"
../src/lab4.c: In function 'main':
../src/lab4.c:11:8: warning: unused variable 'i' [-Wunused-variable]
    int i, psb_check, dip_check;
        ^
'Finished building: ../src/lab4.c'
' '
'Building target: lab4.elf'
'Invoking: ARM v7 gcc linker'
arm-none-eabi-gcc -mcpu=cortex-a9 -mfpu=vfpv3 -mfloat-abi=hard -Wl,-build-id=none -specs=Xilinx.spec -Wl,-T -Wl,../src/lscript.ld -L../../lab4_bsp/ps7_cortexa9_0/lib -o "lab4.elf"  ./src/lab4.o   -Wl,--start-group,-lxil,-lgcc,-lc,--end-group
d:/xilinx/sdk/2017.2/gnu/aarch32/nt/gcc-arm-none-eabi/bin/../lib/gcc/arm-none-eabi/6.2.1/../../../../arm-none-eabi/bin/ld.exe: address 0x40008000 of lab4.elf section `.mmu_tbl' is not within region `axi_bram_ctrl_0_Mem0'
d:/xilinx/sdk/2017.2/gnu/aarch32/nt/gcc-arm-none-eabi/bin/../lib/gcc/arm-none-eabi/6.2.1/../../../../arm-none-eabi/bin/ld.exe: lab4.elf section `.init_array' will not fit in region `axi_bram_ctrl_0_Mem0'
d:/xilinx/sdk/2017.2/gnu/aarch32/nt/gcc-arm-none-eabi/bin/../lib/gcc/arm-none-eabi/6.2.1/../../../../arm-none-eabi/bin/ld.exe: address 0x40008000 of lab4.elf section `.mmu_tbl' is not within region `axi_bram_ctrl_0_Mem0'
d:/xilinx/sdk/2017.2/gnu/aarch32/nt/gcc-arm-none-eabi/bin/../lib/gcc/arm-none-eabi/6.2.1/../../../../arm-none-eabi/bin/ld.exe: region `axi_bram_ctrl_0_Mem0' overflowed by 32832 bytes
collect2.exe: error: ld returned 1 exit status
make: *** [lab4.elf] Error 1
09:29:15 **** Auto Build of configuration Debug for project lab4 ****
make pre-build main-build 
a9-linaro-pre-build-step
' '
'Building file: ../src/lab4.c'
'Invoking: ARM v7 gcc compiler'
arm-none-eabi-gcc -Wall -O0 -g3 -c -fmessage-length=0 -MT"src/lab4.o" -mcpu=cortex-a9 -mfpu=vfpv3 -mfloat-abi=hard -I../../lab4_bsp/ps7_cortexa9_0/include -MMD -MP -MF"src/lab4.d" -MT"src/lab4.o" -o "src/lab4.o" "../src/lab4.c"
../src/lab4.c: In function 'main':
../src/lab4.c:11:22: warning: unused variable 'dip_check' [-Wunused-variable]
    int i, psb_check, dip_check;
                      ^~~~~~~~~
../src/lab4.c:11:11: warning: unused variable 'psb_check' [-Wunused-variable]
    int i, psb_check, dip_check;
           ^~~~~~~~~
../src/lab4.c:11:8: warning: unused variable 'i' [-Wunused-variable]
    int i, psb_check, dip_check;
        ^
'Finished building: ../src/lab4.c'
' '
'Building target: lab4.elf'
'Invoking: ARM v7 gcc linker'
arm-none-eabi-gcc -mcpu=cortex-a9 -mfpu=vfpv3 -mfloat-abi=hard -Wl,-build-id=none -specs=Xilinx.spec -Wl,-T -Wl,../src/lscript.ld -L../../lab4_bsp/ps7_cortexa9_0/lib -o "lab4.elf"  ./src/lab4.o   -Wl,--start-group,-lxil,-lgcc,-lc,--end-group
d:/xilinx/sdk/2017.2/gnu/aarch32/nt/gcc-arm-none-eabi/bin/../lib/gcc/arm-none-eabi/6.2.1/../../../../arm-none-eabi/bin/ld.exe: address 0x40008000 of lab4.elf section `.mmu_tbl' is not within region `axi_bram_ctrl_0_Mem0'
d:/xilinx/sdk/2017.2/gnu/aarch32/nt/gcc-arm-none-eabi/bin/../lib/gcc/arm-none-eabi/6.2.1/../../../../arm-none-eabi/bin/ld.exe: lab4.elf section `.init_array' will not fit in region `axi_bram_ctrl_0_Mem0'
d:/xilinx/sdk/2017.2/gnu/aarch32/nt/gcc-arm-none-eabi/bin/../lib/gcc/arm-none-eabi/6.2.1/../../../../arm-none-eabi/bin/ld.exe: address 0x40008000 of lab4.elf section `.mmu_tbl' is not within region `axi_bram_ctrl_0_Mem0'
d:/xilinx/sdk/2017.2/gnu/aarch32/nt/gcc-arm-none-eabi/bin/../lib/gcc/arm-none-eabi/6.2.1/../../../../arm-none-eabi/bin/ld.exe: region `axi_bram_ctrl_0_Mem0' overflowed by 32832 bytes
collect2.exe: error: ld returned 1 exit status
make: *** [lab4.elf] Error 1
09:29:57 **** Auto Build of configuration Debug for project lab4 ****
make pre-build main-build 
a9-linaro-pre-build-step
' '
'Building file: ../src/lab4.c'
'Invoking: ARM v7 gcc compiler'
arm-none-eabi-gcc -Wall -O0 -g3 -c -fmessage-length=0 -MT"src/lab4.o" -mcpu=cortex-a9 -mfpu=vfpv3 -mfloat-abi=hard -I../../lab4_bsp/ps7_cortexa9_0/include -MMD -MP -MF"src/lab4.d" -MT"src/lab4.o" -o "src/lab4.o" "../src/lab4.c"
../src/lab4.c: In function 'main':
../src/lab4.c:27:5: error: 'value' undeclared (first use in this function)
     value = inbyte();
     ^~~~~
../src/lab4.c:27:5: note: each undeclared identifier is reported only once for each function it appears in
../src/lab4.c:28:5: error: 'skip' undeclared (first use in this function)
     skip = inbyte();
     ^~~~
../src/lab4.c:29:5: error: 'ship' undeclared (first use in this function)
     ship = inbyte();
     ^~~~
../src/lab4.c:11:22: warning: unused variable 'dip_check' [-Wunused-variable]
    int i, psb_check, dip_check;
                      ^~~~~~~~~
../src/lab4.c:11:11: warning: unused variable 'psb_check' [-Wunused-variable]
    int i, psb_check, dip_check;
           ^~~~~~~~~
../src/lab4.c:11:8: warning: unused variable 'i' [-Wunused-variable]
    int i, psb_check, dip_check;
        ^
make: *** [src/lab4.o] Error 1
09:30:47 **** Auto Build of configuration Debug for project lab4 ****
make pre-build main-build 
a9-linaro-pre-build-step
' '
'Building file: ../src/lab4.c'
'Invoking: ARM v7 gcc compiler'
arm-none-eabi-gcc -Wall -O0 -g3 -c -fmessage-length=0 -MT"src/lab4.o" -mcpu=cortex-a9 -mfpu=vfpv3 -mfloat-abi=hard -I../../lab4_bsp/ps7_cortexa9_0/include -MMD -MP -MF"src/lab4.d" -MT"src/lab4.o" -o "src/lab4.o" "../src/lab4.c"
../src/lab4.c: In function 'main':
../src/lab4.c:30:5: error: 'ship' undeclared (first use in this function)
     ship = inbyte();
     ^~~~
../src/lab4.c:30:5: note: each undeclared identifier is reported only once for each function it appears in
../src/lab4.c:12:15: warning: variable 'skip' set but not used [-Wunused-but-set-variable]
    int value, skip;
               ^~~~
../src/lab4.c:12:8: warning: variable 'value' set but not used [-Wunused-but-set-variable]
    int value, skip;
        ^~~~~
../src/lab4.c:11:22: warning: unused variable 'dip_check' [-Wunused-variable]
    int i, psb_check, dip_check;
                      ^~~~~~~~~
../src/lab4.c:11:11: warning: unused variable 'psb_check' [-Wunused-variable]
    int i, psb_check, dip_check;
           ^~~~~~~~~
../src/lab4.c:11:8: warning: unused variable 'i' [-Wunused-variable]
    int i, psb_check, dip_check;
        ^
make: *** [src/lab4.o] Error 1
09:30:52 **** Auto Build of configuration Debug for project lab4 ****
make pre-build main-build 
a9-linaro-pre-build-step
' '
'Building file: ../src/lab4.c'
'Invoking: ARM v7 gcc compiler'
arm-none-eabi-gcc -Wall -O0 -g3 -c -fmessage-length=0 -MT"src/lab4.o" -mcpu=cortex-a9 -mfpu=vfpv3 -mfloat-abi=hard -I../../lab4_bsp/ps7_cortexa9_0/include -MMD -MP -MF"src/lab4.d" -MT"src/lab4.o" -o "src/lab4.o" "../src/lab4.c"
../src/lab4.c: In function 'main':
../src/lab4.c:12:15: warning: variable 'skip' set but not used [-Wunused-but-set-variable]
    int value, skip;
               ^~~~
../src/lab4.c:12:8: warning: variable 'value' set but not used [-Wunused-but-set-variable]
    int value, skip;
        ^~~~~
../src/lab4.c:11:22: warning: unused variable 'dip_check' [-Wunused-variable]
    int i, psb_check, dip_check;
                      ^~~~~~~~~
../src/lab4.c:11:11: warning: unused variable 'psb_check' [-Wunused-variable]
    int i, psb_check, dip_check;
           ^~~~~~~~~
../src/lab4.c:11:8: warning: unused variable 'i' [-Wunused-variable]
    int i, psb_check, dip_check;
        ^
'Finished building: ../src/lab4.c'
' '
'Building target: lab4.elf'
'Invoking: ARM v7 gcc linker'
arm-none-eabi-gcc -mcpu=cortex-a9 -mfpu=vfpv3 -mfloat-abi=hard -Wl,-build-id=none -specs=Xilinx.spec -Wl,-T -Wl,../src/lscript.ld -L../../lab4_bsp/ps7_cortexa9_0/lib -o "lab4.elf"  ./src/lab4.o   -Wl,--start-group,-lxil,-lgcc,-lc,--end-group
d:/xilinx/sdk/2017.2/gnu/aarch32/nt/gcc-arm-none-eabi/bin/../lib/gcc/arm-none-eabi/6.2.1/../../../../arm-none-eabi/bin/ld.exe: address 0x40008000 of lab4.elf section `.mmu_tbl' is not within region `axi_bram_ctrl_0_Mem0'
d:/xilinx/sdk/2017.2/gnu/aarch32/nt/gcc-arm-none-eabi/bin/../lib/gcc/arm-none-eabi/6.2.1/../../../../arm-none-eabi/bin/ld.exe: lab4.elf section `.init_array' will not fit in region `axi_bram_ctrl_0_Mem0'
d:/xilinx/sdk/2017.2/gnu/aarch32/nt/gcc-arm-none-eabi/bin/../lib/gcc/arm-none-eabi/6.2.1/../../../../arm-none-eabi/bin/ld.exe: address 0x40008000 of lab4.elf section `.mmu_tbl' is not within region `axi_bram_ctrl_0_Mem0'
d:/xilinx/sdk/2017.2/gnu/aarch32/nt/gcc-arm-none-eabi/bin/../lib/gcc/arm-none-eabi/6.2.1/../../../../arm-none-eabi/bin/ld.exe: region `axi_bram_ctrl_0_Mem0' overflowed by 32832 bytes
collect2.exe: error: ld returned 1 exit status
make: *** [lab4.elf] Error 1
09:31:21 **** Auto Build of configuration Debug for project lab4 ****
make pre-build main-build 
a9-linaro-pre-build-step
' '
'Building file: ../src/lab4.c'
'Invoking: ARM v7 gcc compiler'
arm-none-eabi-gcc -Wall -O0 -g3 -c -fmessage-length=0 -MT"src/lab4.o" -mcpu=cortex-a9 -mfpu=vfpv3 -mfloat-abi=hard -I../../lab4_bsp/ps7_cortexa9_0/include -MMD -MP -MF"src/lab4.d" -MT"src/lab4.o" -o "src/lab4.o" "../src/lab4.c"
../src/lab4.c: In function 'main':
../src/lab4.c:12:15: warning: variable 'skip' set but not used [-Wunused-but-set-variable]
    int value, skip;
               ^~~~
../src/lab4.c:12:8: warning: variable 'value' set but not used [-Wunused-but-set-variable]
    int value, skip;
        ^~~~~
'Finished building: ../src/lab4.c'
' '
'Building target: lab4.elf'
'Invoking: ARM v7 gcc linker'
arm-none-eabi-gcc -mcpu=cortex-a9 -mfpu=vfpv3 -mfloat-abi=hard -Wl,-build-id=none -specs=Xilinx.spec -Wl,-T -Wl,../src/lscript.ld -L../../lab4_bsp/ps7_cortexa9_0/lib -o "lab4.elf"  ./src/lab4.o   -Wl,--start-group,-lxil,-lgcc,-lc,--end-group
d:/xilinx/sdk/2017.2/gnu/aarch32/nt/gcc-arm-none-eabi/bin/../lib/gcc/arm-none-eabi/6.2.1/../../../../arm-none-eabi/bin/ld.exe: address 0x40008000 of lab4.elf section `.mmu_tbl' is not within region `axi_bram_ctrl_0_Mem0'
d:/xilinx/sdk/2017.2/gnu/aarch32/nt/gcc-arm-none-eabi/bin/../lib/gcc/arm-none-eabi/6.2.1/../../../../arm-none-eabi/bin/ld.exe: lab4.elf section `.init_array' will not fit in region `axi_bram_ctrl_0_Mem0'
d:/xilinx/sdk/2017.2/gnu/aarch32/nt/gcc-arm-none-eabi/bin/../lib/gcc/arm-none-eabi/6.2.1/../../../../arm-none-eabi/bin/ld.exe: address 0x40008000 of lab4.elf section `.mmu_tbl' is not within region `axi_bram_ctrl_0_Mem0'
d:/xilinx/sdk/2017.2/gnu/aarch32/nt/gcc-arm-none-eabi/bin/../lib/gcc/arm-none-eabi/6.2.1/../../../../arm-none-eabi/bin/ld.exe: region `axi_bram_ctrl_0_Mem0' overflowed by 32832 bytes
collect2.exe: error: ld returned 1 exit status
make: *** [lab4.elf] Error 1
09:31:37 **** Auto Build of configuration Debug for project lab4 ****
make pre-build main-build 
a9-linaro-pre-build-step
' '
'Building file: ../src/lab4.c'
'Invoking: ARM v7 gcc compiler'
arm-none-eabi-gcc -Wall -O0 -g3 -c -fmessage-length=0 -MT"src/lab4.o" -mcpu=cortex-a9 -mfpu=vfpv3 -mfloat-abi=hard -I../../lab4_bsp/ps7_cortexa9_0/include -MMD -MP -MF"src/lab4.d" -MT"src/lab4.o" -o "src/lab4.o" "../src/lab4.c"
../src/lab4.c: In function 'main':
../src/lab4.c:12:15: warning: variable 'skip' set but not used [-Wunused-but-set-variable]
    int value, skip;
               ^~~~
../src/lab4.c:12:8: warning: variable 'value' set but not used [-Wunused-but-set-variable]
    int value, skip;
        ^~~~~
../src/lab4.c:10:15: warning: unused variable 'push' [-Wunused-variable]
    XGpio dip, push;
               ^~~~
../src/lab4.c:10:10: warning: unused variable 'dip' [-Wunused-variable]
    XGpio dip, push;
          ^~~
'Finished building: ../src/lab4.c'
' '
'Building target: lab4.elf'
'Invoking: ARM v7 gcc linker'
arm-none-eabi-gcc -mcpu=cortex-a9 -mfpu=vfpv3 -mfloat-abi=hard -Wl,-build-id=none -specs=Xilinx.spec -Wl,-T -Wl,../src/lscript.ld -L../../lab4_bsp/ps7_cortexa9_0/lib -o "lab4.elf"  ./src/lab4.o   -Wl,--start-group,-lxil,-lgcc,-lc,--end-group
d:/xilinx/sdk/2017.2/gnu/aarch32/nt/gcc-arm-none-eabi/bin/../lib/gcc/arm-none-eabi/6.2.1/../../../../arm-none-eabi/bin/ld.exe: address 0x40008000 of lab4.elf section `.mmu_tbl' is not within region `axi_bram_ctrl_0_Mem0'
d:/xilinx/sdk/2017.2/gnu/aarch32/nt/gcc-arm-none-eabi/bin/../lib/gcc/arm-none-eabi/6.2.1/../../../../arm-none-eabi/bin/ld.exe: lab4.elf section `.init_array' will not fit in region `axi_bram_ctrl_0_Mem0'
d:/xilinx/sdk/2017.2/gnu/aarch32/nt/gcc-arm-none-eabi/bin/../lib/gcc/arm-none-eabi/6.2.1/../../../../arm-none-eabi/bin/ld.exe: address 0x40008000 of lab4.elf section `.mmu_tbl' is not within region `axi_bram_ctrl_0_Mem0'
d:/xilinx/sdk/2017.2/gnu/aarch32/nt/gcc-arm-none-eabi/bin/../lib/gcc/arm-none-eabi/6.2.1/../../../../arm-none-eabi/bin/ld.exe: region `axi_bram_ctrl_0_Mem0' overflowed by 32816 bytes
collect2.exe: error: ld returned 1 exit status
make: *** [lab4.elf] Error 1
09:31:45 **** Auto Build of configuration Debug for project lab4 ****
make pre-build main-build 
a9-linaro-pre-build-step
' '
'Building file: ../src/lab4.c'
'Invoking: ARM v7 gcc compiler'
arm-none-eabi-gcc -Wall -O0 -g3 -c -fmessage-length=0 -MT"src/lab4.o" -mcpu=cortex-a9 -mfpu=vfpv3 -mfloat-abi=hard -I../../lab4_bsp/ps7_cortexa9_0/include -MMD -MP -MF"src/lab4.d" -MT"src/lab4.o" -o "src/lab4.o" "../src/lab4.c"
../src/lab4.c: In function 'main':
../src/lab4.c:12:15: warning: variable 'skip' set but not used [-Wunused-but-set-variable]
    int value, skip;
               ^~~~
../src/lab4.c:12:8: warning: variable 'value' set but not used [-Wunused-but-set-variable]
    int value, skip;
        ^~~~~
'Finished building: ../src/lab4.c'
' '
'Building target: lab4.elf'
'Invoking: ARM v7 gcc linker'
arm-none-eabi-gcc -mcpu=cortex-a9 -mfpu=vfpv3 -mfloat-abi=hard -Wl,-build-id=none -specs=Xilinx.spec -Wl,-T -Wl,../src/lscript.ld -L../../lab4_bsp/ps7_cortexa9_0/lib -o "lab4.elf"  ./src/lab4.o   -Wl,--start-group,-lxil,-lgcc,-lc,--end-group
d:/xilinx/sdk/2017.2/gnu/aarch32/nt/gcc-arm-none-eabi/bin/../lib/gcc/arm-none-eabi/6.2.1/../../../../arm-none-eabi/bin/ld.exe: address 0x40008000 of lab4.elf section `.mmu_tbl' is not within region `axi_bram_ctrl_0_Mem0'
d:/xilinx/sdk/2017.2/gnu/aarch32/nt/gcc-arm-none-eabi/bin/../lib/gcc/arm-none-eabi/6.2.1/../../../../arm-none-eabi/bin/ld.exe: lab4.elf section `.init_array' will not fit in region `axi_bram_ctrl_0_Mem0'
d:/xilinx/sdk/2017.2/gnu/aarch32/nt/gcc-arm-none-eabi/bin/../lib/gcc/arm-none-eabi/6.2.1/../../../../arm-none-eabi/bin/ld.exe: address 0x40008000 of lab4.elf section `.mmu_tbl' is not within region `axi_bram_ctrl_0_Mem0'
d:/xilinx/sdk/2017.2/gnu/aarch32/nt/gcc-arm-none-eabi/bin/../lib/gcc/arm-none-eabi/6.2.1/../../../../arm-none-eabi/bin/ld.exe: region `axi_bram_ctrl_0_Mem0' overflowed by 32816 bytes
collect2.exe: error: ld returned 1 exit status
make: *** [lab4.elf] Error 1
09:34:47 **** Clean-only build of configuration Debug for project lab4 ****
make clean 
rm -rf  ./src/lab4.o  ./src/lab4.d  lab4.elf.size  lab4.elf
' '
09:34:47 **** Auto Build of configuration Debug for project lab4 ****
make pre-build main-build 
a9-linaro-pre-build-step
' '
'Building file: ../src/lab4.c'
'Invoking: ARM v7 gcc compiler'
arm-none-eabi-gcc -Wall -O0 -g3 -c -fmessage-length=0 -MT"src/lab4.o" -mcpu=cortex-a9 -mfpu=vfpv3 -mfloat-abi=hard -I../../lab4_bsp/ps7_cortexa9_0/include -MMD -MP -MF"src/lab4.d" -MT"src/lab4.o" -o "src/lab4.o" "../src/lab4.c"
../src/lab4.c: In function 'main':
../src/lab4.c:12:15: warning: variable 'skip' set but not used [-Wunused-but-set-variable]
    int value, skip;
               ^~~~
../src/lab4.c:12:8: warning: variable 'value' set but not used [-Wunused-but-set-variable]
    int value, skip;
        ^~~~~
'Finished building: ../src/lab4.c'
' '
'Building target: lab4.elf'
'Invoking: ARM v7 gcc linker'
arm-none-eabi-gcc -mcpu=cortex-a9 -mfpu=vfpv3 -mfloat-abi=hard -Wl,-build-id=none -specs=Xilinx.spec -Wl,-T -Wl,../src/lscript.ld -L../../lab4_bsp/ps7_cortexa9_0/lib -o "lab4.elf"  ./src/lab4.o   -Wl,--start-group,-lxil,-lgcc,-lc,--end-group
'Finished building target: lab4.elf'
' '
'Invoking: ARM v7 Print Size'
arm-none-eabi-size lab4.elf  |tee "lab4.elf.size"
   text	   data	    bss	    dec	    hex	filename
  22080	   1148	   8232	  31460	   7ae4	lab4.elf
'Finished building: lab4.elf.size'
' '
09:36:22 **** Auto Build of configuration Debug for project lab4 ****
make pre-build main-build 
a9-linaro-pre-build-step
' '
'Building file: ../src/lab4.c'
'Invoking: ARM v7 gcc compiler'
arm-none-eabi-gcc -Wall -O0 -g3 -c -fmessage-length=0 -MT"src/lab4.o" -mcpu=cortex-a9 -mfpu=vfpv3 -mfloat-abi=hard -I../../lab4_bsp/ps7_cortexa9_0/include -MMD -MP -MF"src/lab4.d" -MT"src/lab4.o" -o "src/lab4.o" "../src/lab4.c"
../src/lab4.c: In function 'main':
../src/lab4.c:32:13: error: 'key' undeclared (first use in this function)
     switch (key) {
             ^~~
../src/lab4.c:32:13: note: each undeclared identifier is reported only once for each function it appears in
../src/lab4.c:12:15: warning: variable 'skip' set but not used [-Wunused-but-set-variable]
    int value, skip;
               ^~~~
../src/lab4.c:12:8: warning: variable 'value' set but not used [-Wunused-but-set-variable]
    int value, skip;
        ^~~~~
make: *** [src/lab4.o] Error 1
09:36:35 **** Auto Build of configuration Debug for project lab4 ****
make pre-build main-build 
a9-linaro-pre-build-step
' '
'Building file: ../src/lab4.c'
'Invoking: ARM v7 gcc compiler'
arm-none-eabi-gcc -Wall -O0 -g3 -c -fmessage-length=0 -MT"src/lab4.o" -mcpu=cortex-a9 -mfpu=vfpv3 -mfloat-abi=hard -I../../lab4_bsp/ps7_cortexa9_0/include -MMD -MP -MF"src/lab4.d" -MT"src/lab4.o" -o "src/lab4.o" "../src/lab4.c"
../src/lab4.c: In function 'main':
../src/lab4.c:12:15: warning: variable 'skip' set but not used [-Wunused-but-set-variable]
    int value, skip;
               ^~~~
'Finished building: ../src/lab4.c'
' '
'Building target: lab4.elf'
'Invoking: ARM v7 gcc linker'
arm-none-eabi-gcc -mcpu=cortex-a9 -mfpu=vfpv3 -mfloat-abi=hard -Wl,-build-id=none -specs=Xilinx.spec -Wl,-T -Wl,../src/lscript.ld -L../../lab4_bsp/ps7_cortexa9_0/lib -o "lab4.elf"  ./src/lab4.o   -Wl,--start-group,-lxil,-lgcc,-lc,--end-group
'Finished building target: lab4.elf'
' '
'Invoking: ARM v7 Print Size'
arm-none-eabi-size lab4.elf  |tee "lab4.elf.size"
   text	   data	    bss	    dec	    hex	filename
  22080	   1148	   8232	  31460	   7ae4	lab4.elf
'Finished building: lab4.elf.size'
' '
09:37:01 **** Auto Build of configuration Debug for project lab4 ****
make pre-build main-build 
a9-linaro-pre-build-step
' '
'Building file: ../src/lab4.c'
'Invoking: ARM v7 gcc compiler'
arm-none-eabi-gcc -Wall -O0 -g3 -c -fmessage-length=0 -MT"src/lab4.o" -mcpu=cortex-a9 -mfpu=vfpv3 -mfloat-abi=hard -I../../lab4_bsp/ps7_cortexa9_0/include -MMD -MP -MF"src/lab4.d" -MT"src/lab4.o" -o "src/lab4.o" "../src/lab4.c"
../src/lab4.c: In function 'main':
../src/lab4.c:12:15: warning: variable 'skip' set but not used [-Wunused-but-set-variable]
    int value, skip;
               ^~~~
'Finished building: ../src/lab4.c'
' '
'Building target: lab4.elf'
'Invoking: ARM v7 gcc linker'
arm-none-eabi-gcc -mcpu=cortex-a9 -mfpu=vfpv3 -mfloat-abi=hard -Wl,-build-id=none -specs=Xilinx.spec -Wl,-T -Wl,../src/lscript.ld -L../../lab4_bsp/ps7_cortexa9_0/lib -o "lab4.elf"  ./src/lab4.o   -Wl,--start-group,-lxil,-lgcc,-lc,--end-group
'Finished building target: lab4.elf'
' '
'Invoking: ARM v7 Print Size'
arm-none-eabi-size lab4.elf  |tee "lab4.elf.size"
   text	   data	    bss	    dec	    hex	filename
  22080	   1148	   8232	  31460	   7ae4	lab4.elf
'Finished building: lab4.elf.size'
' '
09:37:14 **** Auto Build of configuration Debug for project lab4 ****
make pre-build main-build 
a9-linaro-pre-build-step
' '
'Building file: ../src/lab4.c'
'Invoking: ARM v7 gcc compiler'
arm-none-eabi-gcc -Wall -O0 -g3 -c -fmessage-length=0 -MT"src/lab4.o" -mcpu=cortex-a9 -mfpu=vfpv3 -mfloat-abi=hard -I../../lab4_bsp/ps7_cortexa9_0/include -MMD -MP -MF"src/lab4.d" -MT"src/lab4.o" -o "src/lab4.o" "../src/lab4.c"
../src/lab4.c: In function 'main':
../src/lab4.c:12:15: warning: variable 'skip' set but not used [-Wunused-but-set-variable]
    int value, skip;
               ^~~~
'Finished building: ../src/lab4.c'
' '
'Building target: lab4.elf'
'Invoking: ARM v7 gcc linker'
arm-none-eabi-gcc -mcpu=cortex-a9 -mfpu=vfpv3 -mfloat-abi=hard -Wl,-build-id=none -specs=Xilinx.spec -Wl,-T -Wl,../src/lscript.ld -L../../lab4_bsp/ps7_cortexa9_0/lib -o "lab4.elf"  ./src/lab4.o   -Wl,--start-group,-lxil,-lgcc,-lc,--end-group
'Finished building target: lab4.elf'
' '
'Invoking: ARM v7 Print Size'
arm-none-eabi-size lab4.elf  |tee "lab4.elf.size"
   text	   data	    bss	    dec	    hex	filename
  22080	   1148	   8232	  31460	   7ae4	lab4.elf
'Finished building: lab4.elf.size'
' '
09:38:08 **** Auto Build of configuration Debug for project lab4 ****
make pre-build main-build 
a9-linaro-pre-build-step
' '
'Building file: ../src/lab4.c'
'Invoking: ARM v7 gcc compiler'
arm-none-eabi-gcc -Wall -O0 -g3 -c -fmessage-length=0 -MT"src/lab4.o" -mcpu=cortex-a9 -mfpu=vfpv3 -mfloat-abi=hard -I../../lab4_bsp/ps7_cortexa9_0/include -MMD -MP -MF"src/lab4.d" -MT"src/lab4.o" -o "src/lab4.o" "../src/lab4.c"
../src/lab4.c: In function 'main':
../src/lab4.c:16:22: error: 'dip' undeclared (first use in this function)
    XGpio_Initialize(&dip, XPAR_SWITCHES_DEVICE_ID); // Modify this
                      ^~~
../src/lab4.c:16:22: note: each undeclared identifier is reported only once for each function it appears in
../src/lab4.c:19:22: error: 'push' undeclared (first use in this function)
    XGpio_Initialize(&push, XPAR_BUTTONS_DEVICE_ID); // Modify this
                      ^~~~
../src/lab4.c:12:15: warning: variable 'skip' set but not used [-Wunused-but-set-variable]
    int value, skip;
               ^~~~
../src/lab4.c:11:11: warning: unused variable 'psb_check' [-Wunused-variable]
    int i, psb_check, dip_check;
           ^~~~~~~~~
make: *** [src/lab4.o] Error 1
09:38:12 **** Auto Build of configuration Debug for project lab4 ****
make pre-build main-build 
a9-linaro-pre-build-step
' '
'Building file: ../src/lab4.c'
'Invoking: ARM v7 gcc compiler'
arm-none-eabi-gcc -Wall -O0 -g3 -c -fmessage-length=0 -MT"src/lab4.o" -mcpu=cortex-a9 -mfpu=vfpv3 -mfloat-abi=hard -I../../lab4_bsp/ps7_cortexa9_0/include -MMD -MP -MF"src/lab4.d" -MT"src/lab4.o" -o "src/lab4.o" "../src/lab4.c"
../src/lab4.c: In function 'main':
../src/lab4.c:12:15: warning: variable 'skip' set but not used [-Wunused-but-set-variable]
    int value, skip;
               ^~~~
../src/lab4.c:11:11: warning: unused variable 'psb_check' [-Wunused-variable]
    int i, psb_check, dip_check;
           ^~~~~~~~~
In file included from ../src/lab4.c:3:0:
../../lab4_bsp/ps7_cortexa9_0/include/led_ip.h:35:4: warning: 'dip_check' may be used uninitialized in this function [-Wmaybe-uninitialized]
    Xil_Out32((BaseAddress) + (RegOffset), (u32)(Data))
    ^~~~~~~~~
../src/lab4.c:11:22: note: 'dip_check' was declared here
    int i, psb_check, dip_check;
                      ^~~~~~~~~
'Finished building: ../src/lab4.c'
' '
'Building target: lab4.elf'
'Invoking: ARM v7 gcc linker'
arm-none-eabi-gcc -mcpu=cortex-a9 -mfpu=vfpv3 -mfloat-abi=hard -Wl,-build-id=none -specs=Xilinx.spec -Wl,-T -Wl,../src/lscript.ld -L../../lab4_bsp/ps7_cortexa9_0/lib -o "lab4.elf"  ./src/lab4.o   -Wl,--start-group,-lxil,-lgcc,-lc,--end-group
'Finished building target: lab4.elf'
' '
'Invoking: ARM v7 Print Size'
arm-none-eabi-size lab4.elf  |tee "lab4.elf.size"
   text	   data	    bss	    dec	    hex	filename
  23512	   1188	   8248	  32948	   80b4	lab4.elf
'Finished building: lab4.elf.size'
' '
09:39:26 **** Auto Build of configuration Debug for project lab4 ****
make pre-build main-build 
a9-linaro-pre-build-step
' '
'Building file: ../src/lab4.c'
'Invoking: ARM v7 gcc compiler'
arm-none-eabi-gcc -Wall -O0 -g3 -c -fmessage-length=0 -MT"src/lab4.o" -mcpu=cortex-a9 -mfpu=vfpv3 -mfloat-abi=hard -I../../lab4_bsp/ps7_cortexa9_0/include -MMD -MP -MF"src/lab4.d" -MT"src/lab4.o" -o "src/lab4.o" "../src/lab4.c"
../src/lab4.c: In function 'main':
../src/lab4.c:12:15: warning: variable 'skip' set but not used [-Wunused-but-set-variable]
    int value, skip;
               ^~~~
'Finished building: ../src/lab4.c'
' '
'Building target: lab4.elf'
'Invoking: ARM v7 gcc linker'
arm-none-eabi-gcc -mcpu=cortex-a9 -mfpu=vfpv3 -mfloat-abi=hard -Wl,-build-id=none -specs=Xilinx.spec -Wl,-T -Wl,../src/lscript.ld -L../../lab4_bsp/ps7_cortexa9_0/lib -o "lab4.elf"  ./src/lab4.o   -Wl,--start-group,-lxil,-lgcc,-lc,--end-group
'Finished building target: lab4.elf'
' '
'Invoking: ARM v7 Print Size'
arm-none-eabi-size lab4.elf  |tee "lab4.elf.size"
   text	   data	    bss	    dec	    hex	filename
  23628	   1188	   8248	  33064	   8128	lab4.elf
'Finished building: lab4.elf.size'
' '
09:39:43 **** Auto Build of configuration Debug for project lab4 ****
make pre-build main-build 
a9-linaro-pre-build-step
' '
'Building file: ../src/lab4.c'
'Invoking: ARM v7 gcc compiler'
arm-none-eabi-gcc -Wall -O0 -g3 -c -fmessage-length=0 -MT"src/lab4.o" -mcpu=cortex-a9 -mfpu=vfpv3 -mfloat-abi=hard -I../../lab4_bsp/ps7_cortexa9_0/include -MMD -MP -MF"src/lab4.d" -MT"src/lab4.o" -o "src/lab4.o" "../src/lab4.c"
../src/lab4.c: In function 'main':
../src/lab4.c:12:15: warning: variable 'skip' set but not used [-Wunused-but-set-variable]
    int value, skip;
               ^~~~
'Finished building: ../src/lab4.c'
' '
'Building target: lab4.elf'
'Invoking: ARM v7 gcc linker'
arm-none-eabi-gcc -mcpu=cortex-a9 -mfpu=vfpv3 -mfloat-abi=hard -Wl,-build-id=none -specs=Xilinx.spec -Wl,-T -Wl,../src/lscript.ld -L../../lab4_bsp/ps7_cortexa9_0/lib -o "lab4.elf"  ./src/lab4.o   -Wl,--start-group,-lxil,-lgcc,-lc,--end-group
'Finished building target: lab4.elf'
' '
'Invoking: ARM v7 Print Size'
arm-none-eabi-size lab4.elf  |tee "lab4.elf.size"
   text	   data	    bss	    dec	    hex	filename
  23628	   1188	   8248	  33064	   8128	lab4.elf
'Finished building: lab4.elf.size'
' '
09:40:16 **** Auto Build of configuration Debug for project lab4 ****
make pre-build main-build 
a9-linaro-pre-build-step
' '
'Building file: ../src/lab4.c'
'Invoking: ARM v7 gcc compiler'
arm-none-eabi-gcc -Wall -O0 -g3 -c -fmessage-length=0 -MT"src/lab4.o" -mcpu=cortex-a9 -mfpu=vfpv3 -mfloat-abi=hard -I../../lab4_bsp/ps7_cortexa9_0/include -MMD -MP -MF"src/lab4.d" -MT"src/lab4.o" -o "src/lab4.o" "../src/lab4.c"
../src/lab4.c: In function 'main':
../src/lab4.c:12:15: warning: variable 'skip' set but not used [-Wunused-but-set-variable]
    int value, skip;
               ^~~~
'Finished building: ../src/lab4.c'
' '
'Building target: lab4.elf'
'Invoking: ARM v7 gcc linker'
arm-none-eabi-gcc -mcpu=cortex-a9 -mfpu=vfpv3 -mfloat-abi=hard -Wl,-build-id=none -specs=Xilinx.spec -Wl,-T -Wl,../src/lscript.ld -L../../lab4_bsp/ps7_cortexa9_0/lib -o "lab4.elf"  ./src/lab4.o   -Wl,--start-group,-lxil,-lgcc,-lc,--end-group
'Finished building target: lab4.elf'
' '
'Invoking: ARM v7 Print Size'
arm-none-eabi-size lab4.elf  |tee "lab4.elf.size"
   text	   data	    bss	    dec	    hex	filename
  23628	   1188	   8248	  33064	   8128	lab4.elf
'Finished building: lab4.elf.size'
' '
09:42:07 **** Auto Build of configuration Debug for project lab4 ****
make pre-build main-build 
a9-linaro-pre-build-step
' '
'Building file: ../src/lab4.c'
'Invoking: ARM v7 gcc compiler'
arm-none-eabi-gcc -Wall -O0 -g3 -c -fmessage-length=0 -MT"src/lab4.o" -mcpu=cortex-a9 -mfpu=vfpv3 -mfloat-abi=hard -I../../lab4_bsp/ps7_cortexa9_0/include -MMD -MP -MF"src/lab4.d" -MT"src/lab4.o" -o "src/lab4.o" "../src/lab4.c"
../src/lab4.c: In function 'main':
../src/lab4.c:23:4: error: unknown type name 'XScuTimer'
    XScuTimer Timer;
    ^~~~~~~~~
../src/lab4.c:23:14: warning: unused variable 'Timer' [-Wunused-variable]
    XScuTimer Timer;
              ^~~~~
../src/lab4.c:13:15: warning: variable 'skip' set but not used [-Wunused-but-set-variable]
    int value, skip;
               ^~~~
make: *** [src/lab4.o] Error 1
09:46:01 **** Auto Build of configuration Debug for project lab4 ****
make pre-build main-build 
a9-linaro-pre-build-step
' '
'Building file: ../src/lab4.c'
'Invoking: ARM v7 gcc compiler'
arm-none-eabi-gcc -Wall -O0 -g3 -c -fmessage-length=0 -MT"src/lab4.o" -mcpu=cortex-a9 -mfpu=vfpv3 -mfloat-abi=hard -I../../lab4_bsp/ps7_cortexa9_0/include -MMD -MP -MF"src/lab4.d" -MT"src/lab4.o" -o "src/lab4.o" "../src/lab4.c"
../src/lab4.c: In function 'main':
../src/lab4.c:23:4: error: unknown type name 'XScuTimer'
    XScuTimer Timer;
    ^~~~~~~~~
../src/lab4.c:23:14: warning: unused variable 'Timer' [-Wunused-variable]
    XScuTimer Timer;
              ^~~~~
../src/lab4.c:13:15: warning: variable 'skip' set but not used [-Wunused-but-set-variable]
    int value, skip;
               ^~~~
make: *** [src/lab4.o] Error 1
09:46:42 **** Auto Build of configuration Debug for project lab4 ****
make pre-build main-build 
a9-linaro-pre-build-step
' '
'Building file: ../src/lab4.c'
'Invoking: ARM v7 gcc compiler'
arm-none-eabi-gcc -Wall -O0 -g3 -c -fmessage-length=0 -MT"src/lab4.o" -mcpu=cortex-a9 -mfpu=vfpv3 -mfloat-abi=hard -I../../lab4_bsp/ps7_cortexa9_0/include -MMD -MP -MF"src/lab4.d" -MT"src/lab4.o" -o "src/lab4.o" "../src/lab4.c"
../src/lab4.c: In function 'main':
../src/lab4.c:24:4: error: unknown type name 'XScuTimer'
    XScuTimer Timer;
    ^~~~~~~~~
../src/lab4.c:24:14: warning: unused variable 'Timer' [-Wunused-variable]
    XScuTimer Timer;
              ^~~~~
../src/lab4.c:14:15: warning: variable 'skip' set but not used [-Wunused-but-set-variable]
    int value, skip;
               ^~~~
make: *** [src/lab4.o] Error 1
09:47:03 **** Auto Build of configuration Debug for project lab4 ****
make pre-build main-build 
a9-linaro-pre-build-step
' '
'Building file: ../src/lab4.c'
'Invoking: ARM v7 gcc compiler'
arm-none-eabi-gcc -Wall -O0 -g3 -c -fmessage-length=0 -MT"src/lab4.o" -mcpu=cortex-a9 -mfpu=vfpv3 -mfloat-abi=hard -I../../lab4_bsp/ps7_cortexa9_0/include -MMD -MP -MF"src/lab4.d" -MT"src/lab4.o" -o "src/lab4.o" "../src/lab4.c"
../src/lab4.c: In function 'main':
../src/lab4.c:24:4: error: unknown type name 'XScuTimer'
    XScuTimer Timer;
    ^~~~~~~~~
../src/lab4.c:24:14: warning: unused variable 'Timer' [-Wunused-variable]
    XScuTimer Timer;
              ^~~~~
../src/lab4.c:14:15: warning: variable 'skip' set but not used [-Wunused-but-set-variable]
    int value, skip;
               ^~~~
make: *** [src/lab4.o] Error 1
09:47:37 **** Auto Build of configuration Debug for project lab4 ****
make pre-build main-build 
a9-linaro-pre-build-step
' '
'Building file: ../src/lab4.c'
'Invoking: ARM v7 gcc compiler'
arm-none-eabi-gcc -Wall -O0 -g3 -c -fmessage-length=0 -MT"src/lab4.o" -mcpu=cortex-a9 -mfpu=vfpv3 -mfloat-abi=hard -I../../lab4_bsp/ps7_cortexa9_0/include -MMD -MP -MF"src/lab4.d" -MT"src/lab4.o" -o "src/lab4.o" "../src/lab4.c"
../src/lab4.c: In function 'main':
../src/lab4.c:24:14: warning: unused variable 'Timer' [-Wunused-variable]
    XScuTimer Timer;
              ^~~~~
../src/lab4.c:14:15: warning: variable 'skip' set but not used [-Wunused-but-set-variable]
    int value, skip;
               ^~~~
'Finished building: ../src/lab4.c'
' '
'Building target: lab4.elf'
'Invoking: ARM v7 gcc linker'
arm-none-eabi-gcc -mcpu=cortex-a9 -mfpu=vfpv3 -mfloat-abi=hard -Wl,-build-id=none -specs=Xilinx.spec -Wl,-T -Wl,../src/lscript.ld -L../../lab4_bsp/ps7_cortexa9_0/lib -o "lab4.elf"  ./src/lab4.o   -Wl,--start-group,-lxil,-lgcc,-lc,--end-group
'Finished building target: lab4.elf'
' '
'Invoking: ARM v7 Print Size'
arm-none-eabi-size lab4.elf  |tee "lab4.elf.size"
   text	   data	    bss	    dec	    hex	filename
  23628	   1188	   8248	  33064	   8128	lab4.elf
'Finished building: lab4.elf.size'
' '
09:48:47 **** Auto Build of configuration Debug for project lab4 ****
make pre-build main-build 
a9-linaro-pre-build-step
' '
'Building file: ../src/lab4.c'
'Invoking: ARM v7 gcc compiler'
arm-none-eabi-gcc -Wall -O0 -g3 -c -fmessage-length=0 -MT"src/lab4.o" -mcpu=cortex-a9 -mfpu=vfpv3 -mfloat-abi=hard -I../../lab4_bsp/ps7_cortexa9_0/include -MMD -MP -MF"src/lab4.d" -MT"src/lab4.o" -o "src/lab4.o" "../src/lab4.c"
../src/lab4.c: In function 'main':
../src/lab4.c:27:22: warning: unused variable 'ConfigPtr' [-Wunused-variable]
    XScuTimer_Config *ConfigPtr;
                      ^~~~~~~~~
../src/lab4.c:24:14: warning: unused variable 'Timer' [-Wunused-variable]
    XScuTimer Timer;
              ^~~~~
../src/lab4.c:14:15: warning: variable 'skip' set but not used [-Wunused-but-set-variable]
    int value, skip;
               ^~~~
'Finished building: ../src/lab4.c'
' '
'Building target: lab4.elf'
'Invoking: ARM v7 gcc linker'
arm-none-eabi-gcc -mcpu=cortex-a9 -mfpu=vfpv3 -mfloat-abi=hard -Wl,-build-id=none -specs=Xilinx.spec -Wl,-T -Wl,../src/lscript.ld -L../../lab4_bsp/ps7_cortexa9_0/lib -o "lab4.elf"  ./src/lab4.o   -Wl,--start-group,-lxil,-lgcc,-lc,--end-group
'Finished building target: lab4.elf'
' '
'Invoking: ARM v7 Print Size'
arm-none-eabi-size lab4.elf  |tee "lab4.elf.size"
   text	   data	    bss	    dec	    hex	filename
  23628	   1188	   8248	  33064	   8128	lab4.elf
'Finished building: lab4.elf.size'
' '
09:49:20 **** Auto Build of configuration Debug for project lab4 ****
make pre-build main-build 
a9-linaro-pre-build-step
' '
'Building file: ../src/lab4.c'
'Invoking: ARM v7 gcc compiler'
arm-none-eabi-gcc -Wall -O0 -g3 -c -fmessage-length=0 -MT"src/lab4.o" -mcpu=cortex-a9 -mfpu=vfpv3 -mfloat-abi=hard -I../../lab4_bsp/ps7_cortexa9_0/include -MMD -MP -MF"src/lab4.d" -MT"src/lab4.o" -o "src/lab4.o" "../src/lab4.c"
../src/lab4.c: In function 'main':
../src/lab4.c:28:15: warning: unused variable 'TimerInstancePtr' [-Wunused-variable]
    XScuTimer *TimerInstancePtr = &Timer;
               ^~~~~~~~~~~~~~~~
../src/lab4.c:27:22: warning: unused variable 'ConfigPtr' [-Wunused-variable]
    XScuTimer_Config *ConfigPtr;
                      ^~~~~~~~~
../src/lab4.c:14:15: warning: variable 'skip' set but not used [-Wunused-but-set-variable]
    int value, skip;
               ^~~~
'Finished building: ../src/lab4.c'
' '
'Building target: lab4.elf'
'Invoking: ARM v7 gcc linker'
arm-none-eabi-gcc -mcpu=cortex-a9 -mfpu=vfpv3 -mfloat-abi=hard -Wl,-build-id=none -specs=Xilinx.spec -Wl,-T -Wl,../src/lscript.ld -L../../lab4_bsp/ps7_cortexa9_0/lib -o "lab4.elf"  ./src/lab4.o   -Wl,--start-group,-lxil,-lgcc,-lc,--end-group
'Finished building target: lab4.elf'
' '
'Invoking: ARM v7 Print Size'
arm-none-eabi-size lab4.elf  |tee "lab4.elf.size"
   text	   data	    bss	    dec	    hex	filename
  23628	   1188	   8248	  33064	   8128	lab4.elf
'Finished building: lab4.elf.size'
' '
09:51:50 **** Auto Build of configuration Debug for project lab4 ****
make pre-build main-build 
a9-linaro-pre-build-step
' '
'Building file: ../src/lab4.c'
'Invoking: ARM v7 gcc compiler'
arm-none-eabi-gcc -Wall -O0 -g3 -c -fmessage-length=0 -MT"src/lab4.o" -mcpu=cortex-a9 -mfpu=vfpv3 -mfloat-abi=hard -I../../lab4_bsp/ps7_cortexa9_0/include -MMD -MP -MF"src/lab4.d" -MT"src/lab4.o" -o "src/lab4.o" "../src/lab4.c"
../src/lab4.c: In function 'main':
../src/lab4.c:31:4: error: 'Status' undeclared (first use in this function)
    Status    = XScuTimer_CfgInitialize(TimerInstancePtr, ConfigPtr, ConfigPtr->BaseAddr);
    ^~~~~~
../src/lab4.c:31:4: note: each undeclared identifier is reported only once for each function it appears in
../src/lab4.c:34:42: error: expected ';' before 'M'
     xil_printf("Timer init() failed\r\n")M
                                          ^
../src/lab4.c:14:15: warning: unused variable 'skip' [-Wunused-variable]
    int value, skip;
               ^~~~
../src/lab4.c:14:8: warning: unused variable 'value' [-Wunused-variable]
    int value, skip;
        ^~~~~
../src/lab4.c:13:22: warning: unused variable 'dip_check' [-Wunused-variable]
    int i, psb_check, dip_check;
                      ^~~~~~~~~
../src/lab4.c:13:11: warning: unused variable 'psb_check' [-Wunused-variable]
    int i, psb_check, dip_check;
           ^~~~~~~~~
../src/lab4.c:13:8: warning: unused variable 'i' [-Wunused-variable]
    int i, psb_check, dip_check;
        ^
make: *** [src/lab4.o] Error 1
09:51:52 **** Auto Build of configuration Debug for project lab4 ****
make pre-build main-build 
a9-linaro-pre-build-step
' '
'Building file: ../src/lab4.c'
'Invoking: ARM v7 gcc compiler'
arm-none-eabi-gcc -Wall -O0 -g3 -c -fmessage-length=0 -MT"src/lab4.o" -mcpu=cortex-a9 -mfpu=vfpv3 -mfloat-abi=hard -I../../lab4_bsp/ps7_cortexa9_0/include -MMD -MP -MF"src/lab4.d" -MT"src/lab4.o" -o "src/lab4.o" "../src/lab4.c"
../src/lab4.c: In function 'main':
../src/lab4.c:31:4: error: 'Status' undeclared (first use in this function)
    Status    = XScuTimer_CfgInitialize(TimerInstancePtr, ConfigPtr, ConfigPtr->BaseAddr);
    ^~~~~~
../src/lab4.c:31:4: note: each undeclared identifier is reported only once for each function it appears in
../src/lab4.c:14:15: warning: variable 'skip' set but not used [-Wunused-but-set-variable]
    int value, skip;
               ^~~~
make: *** [src/lab4.o] Error 1
09:52:24 **** Auto Build of configuration Debug for project lab4 ****
make pre-build main-build 
a9-linaro-pre-build-step
' '
'Building file: ../src/lab4.c'
'Invoking: ARM v7 gcc compiler'
arm-none-eabi-gcc -Wall -O0 -g3 -c -fmessage-length=0 -MT"src/lab4.o" -mcpu=cortex-a9 -mfpu=vfpv3 -mfloat-abi=hard -I../../lab4_bsp/ps7_cortexa9_0/include -MMD -MP -MF"src/lab4.d" -MT"src/lab4.o" -o "src/lab4.o" "../src/lab4.c"
../src/lab4.c: In function 'main':
../src/lab4.c:31:4: error: 'Status' undeclared (first use in this function)
    Status    = XScuTimer_CfgInitialize(TimerInstancePtr, ConfigPtr, ConfigPtr->BaseAddr);
    ^~~~~~
../src/lab4.c:31:4: note: each undeclared identifier is reported only once for each function it appears in
../src/lab4.c:14:15: warning: variable 'skip' set but not used [-Wunused-but-set-variable]
    int value, skip;
               ^~~~
make: *** [src/lab4.o] Error 1
09:52:56 **** Auto Build of configuration Debug for project lab4 ****
make pre-build main-build 
a9-linaro-pre-build-step
' '
'Building file: ../src/lab4.c'
'Invoking: ARM v7 gcc compiler'
arm-none-eabi-gcc -Wall -O0 -g3 -c -fmessage-length=0 -MT"src/lab4.o" -mcpu=cortex-a9 -mfpu=vfpv3 -mfloat-abi=hard -I../../lab4_bsp/ps7_cortexa9_0/include -MMD -MP -MF"src/lab4.d" -MT"src/lab4.o" -o "src/lab4.o" "../src/lab4.c"
../src/lab4.c: In function 'main':
../src/lab4.c:14:15: warning: variable 'skip' set but not used [-Wunused-but-set-variable]
    int value, skip, Status;
               ^~~~
'Finished building: ../src/lab4.c'
' '
'Building target: lab4.elf'
'Invoking: ARM v7 gcc linker'
arm-none-eabi-gcc -mcpu=cortex-a9 -mfpu=vfpv3 -mfloat-abi=hard -Wl,-build-id=none -specs=Xilinx.spec -Wl,-T -Wl,../src/lscript.ld -L../../lab4_bsp/ps7_cortexa9_0/lib -o "lab4.elf"  ./src/lab4.o   -Wl,--start-group,-lxil,-lgcc,-lc,--end-group
'Finished building target: lab4.elf'
' '
'Invoking: ARM v7 Print Size'
arm-none-eabi-size lab4.elf  |tee "lab4.elf.size"
   text	   data	    bss	    dec	    hex	filename
  24496	   1196	   8248	  33940	   8494	lab4.elf
'Finished building: lab4.elf.size'
' '
09:53:34 **** Auto Build of configuration Debug for project lab4 ****
make pre-build main-build 
a9-linaro-pre-build-step
' '
'Building file: ../src/lab4.c'
'Invoking: ARM v7 gcc compiler'
arm-none-eabi-gcc -Wall -O0 -g3 -c -fmessage-length=0 -MT"src/lab4.o" -mcpu=cortex-a9 -mfpu=vfpv3 -mfloat-abi=hard -I../../lab4_bsp/ps7_cortexa9_0/include -MMD -MP -MF"src/lab4.d" -MT"src/lab4.o" -o "src/lab4.o" "../src/lab4.c"
../src/lab4.c: In function 'main':
../src/lab4.c:14:15: warning: variable 'skip' set but not used [-Wunused-but-set-variable]
    int value, skip, Status;
               ^~~~
'Finished building: ../src/lab4.c'
' '
'Building target: lab4.elf'
'Invoking: ARM v7 gcc linker'
arm-none-eabi-gcc -mcpu=cortex-a9 -mfpu=vfpv3 -mfloat-abi=hard -Wl,-build-id=none -specs=Xilinx.spec -Wl,-T -Wl,../src/lscript.ld -L../../lab4_bsp/ps7_cortexa9_0/lib -o "lab4.elf"  ./src/lab4.o   -Wl,--start-group,-lxil,-lgcc,-lc,--end-group
'Finished building target: lab4.elf'
' '
'Invoking: ARM v7 Print Size'
arm-none-eabi-size lab4.elf  |tee "lab4.elf.size"
   text	   data	    bss	    dec	    hex	filename
  24560	   1196	   8248	  34004	   84d4	lab4.elf
'Finished building: lab4.elf.size'
' '
09:54:27 **** Auto Build of configuration Debug for project lab4 ****
make pre-build main-build 
a9-linaro-pre-build-step
' '
'Building file: ../src/lab4.c'
'Invoking: ARM v7 gcc compiler'
arm-none-eabi-gcc -Wall -O0 -g3 -c -fmessage-length=0 -MT"src/lab4.o" -mcpu=cortex-a9 -mfpu=vfpv3 -mfloat-abi=hard -I../../lab4_bsp/ps7_cortexa9_0/include -MMD -MP -MF"src/lab4.d" -MT"src/lab4.o" -o "src/lab4.o" "../src/lab4.c"
../src/lab4.c: In function 'main':
../src/lab4.c:14:15: warning: variable 'skip' set but not used [-Wunused-but-set-variable]
    int value, skip, Status;
               ^~~~
'Finished building: ../src/lab4.c'
' '
'Building target: lab4.elf'
'Invoking: ARM v7 gcc linker'
arm-none-eabi-gcc -mcpu=cortex-a9 -mfpu=vfpv3 -mfloat-abi=hard -Wl,-build-id=none -specs=Xilinx.spec -Wl,-T -Wl,../src/lscript.ld -L../../lab4_bsp/ps7_cortexa9_0/lib -o "lab4.elf"  ./src/lab4.o   -Wl,--start-group,-lxil,-lgcc,-lc,--end-group
'Finished building target: lab4.elf'
' '
'Invoking: ARM v7 Print Size'
arm-none-eabi-size lab4.elf  |tee "lab4.elf.size"
   text	   data	    bss	    dec	    hex	filename
  24624	   1196	   8248	  34068	   8514	lab4.elf
'Finished building: lab4.elf.size'
' '
09:56:03 **** Auto Build of configuration Debug for project lab4 ****
make pre-build main-build 
a9-linaro-pre-build-step
' '
'Building file: ../src/lab4.c'
'Invoking: ARM v7 gcc compiler'
arm-none-eabi-gcc -Wall -O0 -g3 -c -fmessage-length=0 -MT"src/lab4.o" -mcpu=cortex-a9 -mfpu=vfpv3 -mfloat-abi=hard -I../../lab4_bsp/ps7_cortexa9_0/include -MMD -MP -MF"src/lab4.d" -MT"src/lab4.o" -o "src/lab4.o" "../src/lab4.c"
../src/lab4.c: In function 'main':
../src/lab4.c:14:15: warning: variable 'skip' set but not used [-Wunused-but-set-variable]
    int value, skip, Status;
               ^~~~
'Finished building: ../src/lab4.c'
' '
'Building target: lab4.elf'
'Invoking: ARM v7 gcc linker'
arm-none-eabi-gcc -mcpu=cortex-a9 -mfpu=vfpv3 -mfloat-abi=hard -Wl,-build-id=none -specs=Xilinx.spec -Wl,-T -Wl,../src/lscript.ld -L../../lab4_bsp/ps7_cortexa9_0/lib -o "lab4.elf"  ./src/lab4.o   -Wl,--start-group,-lxil,-lgcc,-lc,--end-group
'Finished building target: lab4.elf'
' '
'Invoking: ARM v7 Print Size'
arm-none-eabi-size lab4.elf  |tee "lab4.elf.size"
   text	   data	    bss	    dec	    hex	filename
  24688	   1196	   8248	  34132	   8554	lab4.elf
'Finished building: lab4.elf.size'
' '
09:57:04 **** Auto Build of configuration Debug for project lab4 ****
make pre-build main-build 
a9-linaro-pre-build-step
' '
'Building file: ../src/lab4.c'
'Invoking: ARM v7 gcc compiler'
arm-none-eabi-gcc -Wall -O0 -g3 -c -fmessage-length=0 -MT"src/lab4.o" -mcpu=cortex-a9 -mfpu=vfpv3 -mfloat-abi=hard -I../../lab4_bsp/ps7_cortexa9_0/include -MMD -MP -MF"src/lab4.d" -MT"src/lab4.o" -o "src/lab4.o" "../src/lab4.c"
../src/lab4.c: In function 'main':
../src/lab4.c:14:15: warning: variable 'skip' set but not used [-Wunused-but-set-variable]
    int value, skip, Status;
[...]
arm-none-eabi-gcc -mcpu=cortex-a9 -mfpu=vfpv3 -mfloat-abi=hard -Wl,-build-id=none -specs=Xilinx.spec -Wl,-T -Wl,../src/lscript.ld -L../../lab4_bsp/ps7_cortexa9_0/lib -o "lab4.elf"  ./src/lab4.o   -Wl,--start-group,-lxil,-lgcc,-lc,--end-group
'Finished building target: lab4.elf'
' '
'Invoking: ARM v7 Print Size'
arm-none-eabi-size lab4.elf  |tee "lab4.elf.size"
   text	   data	    bss	    dec	    hex	filename
  25936	   1196	   8248	  35380	   8a34	lab4.elf
'Finished building: lab4.elf.size'
' '
11:23:24 **** Incremental Build of configuration Debug for project lab4 ****
make pre-build main-build 
a9-linaro-pre-build-step
' '
make: Nothing to be done for `main-build'.
11:26:02 **** Auto Build of configuration Debug for project lab4 ****
make pre-build main-build 
a9-linaro-pre-build-step
' '
'Building file: ../src/lab4.c'
'Invoking: ARM v7 gcc compiler'
arm-none-eabi-gcc -Wall -O0 -g3 -c -fmessage-length=0 -MT"src/lab4.o" -mcpu=cortex-a9 -mfpu=vfpv3 -mfloat-abi=hard -I../../lab4_bsp/ps7_cortexa9_0/include -MMD -MP -MF"src/lab4.d" -MT"src/lab4.o" -o "src/lab4.o" "../src/lab4.c"
../src/lab4.c: In function 'main':
../src/lab4.c:15:8: warning: unused variable 'timer_state' [-Wunused-variable]
    int timer_state = 0;
        ^~~~~~~~~~~
../src/lab4.c:14:15: warning: variable 'skip' set but not used [-Wunused-but-set-variable]
    int value, skip, Status;
               ^~~~
'Finished building: ../src/lab4.c'
' '
'Building target: lab4.elf'
'Invoking: ARM v7 gcc linker'
arm-none-eabi-gcc -mcpu=cortex-a9 -mfpu=vfpv3 -mfloat-abi=hard -Wl,-build-id=none -specs=Xilinx.spec -Wl,-T -Wl,../src/lscript.ld -L../../lab4_bsp/ps7_cortexa9_0/lib -o "lab4.elf"  ./src/lab4.o   -Wl,--start-group,-lxil,-lgcc,-lc,--end-group
'Finished building target: lab4.elf'
' '
'Invoking: ARM v7 Print Size'
arm-none-eabi-size lab4.elf  |tee "lab4.elf.size"
   text	   data	    bss	    dec	    hex	filename
  25936	   1196	   8248	  35380	   8a34	lab4.elf
'Finished building: lab4.elf.size'
' '
11:26:15 **** Incremental Build of configuration Debug for project lab4 ****
make pre-build main-build 
a9-linaro-pre-build-step
' '
make: Nothing to be done for `main-build'.
11:26:35 **** Auto Build of configuration Debug for project lab4 ****
make pre-build main-build 
a9-linaro-pre-build-step
' '
'Building file: ../src/lab4.c'
'Invoking: ARM v7 gcc compiler'
arm-none-eabi-gcc -Wall -O0 -g3 -c -fmessage-length=0 -MT"src/lab4.o" -mcpu=cortex-a9 -mfpu=vfpv3 -mfloat-abi=hard -I../../lab4_bsp/ps7_cortexa9_0/include -MMD -MP -MF"src/lab4.d" -MT"src/lab4.o" -o "src/lab4.o" "../src/lab4.c"
../src/lab4.c: In function 'main':
../src/lab4.c:15:8: warning: unused variable 'timer_state' [-Wunused-variable]
    int timer_state = 0;
        ^~~~~~~~~~~
../src/lab4.c:14:15: warning: variable 'skip' set but not used [-Wunused-but-set-variable]
    int value, skip, Status;
               ^~~~
'Finished building: ../src/lab4.c'
' '
'Building target: lab4.elf'
'Invoking: ARM v7 gcc linker'
arm-none-eabi-gcc -mcpu=cortex-a9 -mfpu=vfpv3 -mfloat-abi=hard -Wl,-build-id=none -specs=Xilinx.spec -Wl,-T -Wl,../src/lscript.ld -L../../lab4_bsp/ps7_cortexa9_0/lib -o "lab4.elf"  ./src/lab4.o   -Wl,--start-group,-lxil,-lgcc,-lc,--end-group
'Finished building target: lab4.elf'
' '
'Invoking: ARM v7 Print Size'
arm-none-eabi-size lab4.elf  |tee "lab4.elf.size"
   text	   data	    bss	    dec	    hex	filename
  25936	   1196	   8248	  35380	   8a34	lab4.elf
'Finished building: lab4.elf.size'
' '
11:26:46 **** Incremental Build of configuration Debug for project lab4 ****
make pre-build main-build 
a9-linaro-pre-build-step
' '
make: Nothing to be done for `main-build'.
11:26:56 **** Auto Build of configuration Debug for project lab4 ****
make pre-build main-build 
a9-linaro-pre-build-step
' '
'Building file: ../src/lab4.c'
'Invoking: ARM v7 gcc compiler'
arm-none-eabi-gcc -Wall -O0 -g3 -c -fmessage-length=0 -MT"src/lab4.o" -mcpu=cortex-a9 -mfpu=vfpv3 -mfloat-abi=hard -I../../lab4_bsp/ps7_cortexa9_0/include -MMD -MP -MF"src/lab4.d" -MT"src/lab4.o" -o "src/lab4.o" "../src/lab4.c"
../src/lab4.c: In function 'main':
../src/lab4.c:15:8: warning: unused variable 'timer_state' [-Wunused-variable]
    int timer_state = 0;
        ^~~~~~~~~~~
../src/lab4.c:14:15: warning: variable 'skip' set but not used [-Wunused-but-set-variable]
    int value, skip, Status;
               ^~~~
'Finished building: ../src/lab4.c'
' '
'Building target: lab4.elf'
'Invoking: ARM v7 gcc linker'
arm-none-eabi-gcc -mcpu=cortex-a9 -mfpu=vfpv3 -mfloat-abi=hard -Wl,-build-id=none -specs=Xilinx.spec -Wl,-T -Wl,../src/lscript.ld -L../../lab4_bsp/ps7_cortexa9_0/lib -o "lab4.elf"  ./src/lab4.o   -Wl,--start-group,-lxil,-lgcc,-lc,--end-group
'Finished building target: lab4.elf'
' '
'Invoking: ARM v7 Print Size'
arm-none-eabi-size lab4.elf  |tee "lab4.elf.size"
   text	   data	    bss	    dec	    hex	filename
  25936	   1196	   8248	  35380	   8a34	lab4.elf
'Finished building: lab4.elf.size'
' '
11:35:10 **** Auto Build of configuration Debug for project lab4 ****
make pre-build main-build 
a9-linaro-pre-build-step
' '
'Building file: ../src/lab4.c'
'Invoking: ARM v7 gcc compiler'
arm-none-eabi-gcc -Wall -O0 -g3 -c -fmessage-length=0 -MT"src/lab4.o" -mcpu=cortex-a9 -mfpu=vfpv3 -mfloat-abi=hard -I../../lab4_bsp/ps7_cortexa9_0/include -MMD -MP -MF"src/lab4.d" -MT"src/lab4.o" -o "src/lab4.o" "../src/lab4.c"
../src/lab4.c: In function 'main':
../src/lab4.c:133:4: warning: implicit declaration of function 'xil_prinf' [-Wimplicit-function-declaration]
    xil_prinf(XScuTimer_ReadReg(ConfigPtr->BaseAddr,XSCUTIMER_COUNTER_OFFSET))
    ^~~~~~~~~
../src/lab4.c:144:4: error: expected ';' before 'break'
    break;
    ^~~~~
../src/lab4.c:15:8: warning: unused variable 'timer_state' [-Wunused-variable]
    int timer_state = 0;
        ^~~~~~~~~~~
../src/lab4.c:14:15: warning: variable 'skip' set but not used [-Wunused-but-set-variable]
    int value, skip, Status;
               ^~~~
At top level:
../src/lab4.c:99:9: warning: 'multiMatrixHard' defined but not used [-Wunused-function]
    void multiMatrixHard(VectorArray A,VectorArray B, VectorArray P) {
         ^~~~~~~~~~~~~~~
make: *** [src/lab4.o] Error 1
11:35:16 **** Auto Build of configuration Debug for project lab4 ****
make pre-build main-build 
a9-linaro-pre-build-step
' '
'Building file: ../src/lab4.c'
'Invoking: ARM v7 gcc compiler'
arm-none-eabi-gcc -Wall -O0 -g3 -c -fmessage-length=0 -MT"src/lab4.o" -mcpu=cortex-a9 -mfpu=vfpv3 -mfloat-abi=hard -I../../lab4_bsp/ps7_cortexa9_0/include -MMD -MP -MF"src/lab4.d" -MT"src/lab4.o" -o "src/lab4.o" "../src/lab4.c"
../src/lab4.c: In function 'main':
../src/lab4.c:133:4: warning: implicit declaration of function 'xil_prinf' [-Wimplicit-function-declaration]
    xil_prinf(XScuTimer_ReadReg(ConfigPtr->BaseAddr,XSCUTIMER_COUNTER_OFFSET));
    ^~~~~~~~~
../src/lab4.c:15:8: warning: unused variable 'timer_state' [-Wunused-variable]
    int timer_state = 0;
        ^~~~~~~~~~~
../src/lab4.c:14:15: warning: variable 'skip' set but not used [-Wunused-but-set-variable]
    int value, skip, Status;
               ^~~~
At top level:
../src/lab4.c:99:9: warning: 'multiMatrixHard' defined but not used [-Wunused-function]
    void multiMatrixHard(VectorArray A,VectorArray B, VectorArray P) {
         ^~~~~~~~~~~~~~~
'Finished building: ../src/lab4.c'
' '
'Building target: lab4.elf'
'Invoking: ARM v7 gcc linker'
arm-none-eabi-gcc -mcpu=cortex-a9 -mfpu=vfpv3 -mfloat-abi=hard -Wl,-build-id=none -specs=Xilinx.spec -Wl,-T -Wl,../src/lscript.ld -L../../lab4_bsp/ps7_cortexa9_0/lib -o "lab4.elf"  ./src/lab4.o   -Wl,--start-group,-lxil,-lgcc,-lc,--end-group
./src/lab4.o: In function `main':
D:\Xilinx\Assignment_2\EmbeddedSystem_labs\lab_4\lab_4.sdk\lab4\Debug/../src/lab4.c:133: undefined reference to `xil_prinf'
collect2.exe: error: ld returned 1 exit status
make: *** [lab4.elf] Error 1
11:35:27 **** Auto Build of configuration Debug for project lab4 ****
make pre-build main-build 
a9-linaro-pre-build-step
' '
'Building file: ../src/lab4.c'
'Invoking: ARM v7 gcc compiler'
arm-none-eabi-gcc -Wall -O0 -g3 -c -fmessage-length=0 -MT"src/lab4.o" -mcpu=cortex-a9 -mfpu=vfpv3 -mfloat-abi=hard -I../../lab4_bsp/ps7_cortexa9_0/include -MMD -MP -MF"src/lab4.d" -MT"src/lab4.o" -o "src/lab4.o" "../src/lab4.c"
In file included from ../../lab4_bsp/ps7_cortexa9_0/include/xscutimer.h:117:0,
                 from ../src/lab4.c:4:
../src/lab4.c: In function 'main':
../../lab4_bsp/ps7_cortexa9_0/include/xscutimer_hw.h:258:2: warning: passing argument 1 of 'xil_printf' makes pointer from integer without a cast [-Wint-conversion]
  Xil_In32((BaseAddr) + (RegOffset))
  ^
../src/lab4.c:133:15: note: in expansion of macro 'XScuTimer_ReadReg'
    xil_printf(XScuTimer_ReadReg(ConfigPtr->BaseAddr,XSCUTIMER_COUNTER_OFFSET));
               ^~~~~~~~~~~~~~~~~
In file included from ../../lab4_bsp/ps7_cortexa9_0/include/xil_io.h:65:0,
                 from ../../lab4_bsp/ps7_cortexa9_0/include/xgpio_l.h:87,
                 from ../../lab4_bsp/ps7_cortexa9_0/include/xgpio.h:136,
                 from ../src/lab4.c:2:
../../lab4_bsp/ps7_cortexa9_0/include/xil_printf.h:35:6: note: expected 'const char8 * {aka const char *}' but argument is of type 'u32 {aka long unsigned int}'
 void xil_printf( const char8 *ctrl1, ...);
      ^~~~~~~~~~
../src/lab4.c:15:8: warning: unused variable 'timer_state' [-Wunused-variable]
    int timer_state = 0;
        ^~~~~~~~~~~
../src/lab4.c:14:15: warning: variable 'skip' set but not used [-Wunused-but-set-variable]
    int value, skip, Status;
               ^~~~
At top level:
../src/lab4.c:99:9: warning: 'multiMatrixHard' defined but not used [-Wunused-function]
    void multiMatrixHard(VectorArray A,VectorArray B, VectorArray P) {
         ^~~~~~~~~~~~~~~
'Finished building: ../src/lab4.c'
' '
'Building target: lab4.elf'
'Invoking: ARM v7 gcc linker'
arm-none-eabi-gcc -mcpu=cortex-a9 -mfpu=vfpv3 -mfloat-abi=hard -Wl,-build-id=none -specs=Xilinx.spec -Wl,-T -Wl,../src/lscript.ld -L../../lab4_bsp/ps7_cortexa9_0/lib -o "lab4.elf"  ./src/lab4.o   -Wl,--start-group,-lxil,-lgcc,-lc,--end-group
'Finished building target: lab4.elf'
' '
'Invoking: ARM v7 Print Size'
arm-none-eabi-size lab4.elf  |tee "lab4.elf.size"
   text	   data	    bss	    dec	    hex	filename
  26000	   1196	   8248	  35444	   8a74	lab4.elf
'Finished building: lab4.elf.size'
' '
11:35:44 **** Auto Build of configuration Debug for project lab4 ****
make pre-build main-build 
a9-linaro-pre-build-step
' '
'Building file: ../src/lab4.c'
'Invoking: ARM v7 gcc compiler'
arm-none-eabi-gcc -Wall -O0 -g3 -c -fmessage-length=0 -MT"src/lab4.o" -mcpu=cortex-a9 -mfpu=vfpv3 -mfloat-abi=hard -I../../lab4_bsp/ps7_cortexa9_0/include -MMD -MP -MF"src/lab4.d" -MT"src/lab4.o" -o "src/lab4.o" "../src/lab4.c"
../src/lab4.c: In function 'main':
../src/lab4.c:15:8: warning: unused variable 'timer_state' [-Wunused-variable]
    int timer_state = 0;
        ^~~~~~~~~~~
../src/lab4.c:14:15: warning: variable 'skip' set but not used [-Wunused-but-set-variable]
    int value, skip, Status;
               ^~~~
At top level:
../src/lab4.c:99:9: warning: 'multiMatrixHard' defined but not used [-Wunused-function]
    void multiMatrixHard(VectorArray A,VectorArray B, VectorArray P) {
         ^~~~~~~~~~~~~~~
'Finished building: ../src/lab4.c'
' '
'Building target: lab4.elf'
'Invoking: ARM v7 gcc linker'
arm-none-eabi-gcc -mcpu=cortex-a9 -mfpu=vfpv3 -mfloat-abi=hard -Wl,-build-id=none -specs=Xilinx.spec -Wl,-T -Wl,../src/lscript.ld -L../../lab4_bsp/ps7_cortexa9_0/lib -o "lab4.elf"  ./src/lab4.o   -Wl,--start-group,-lxil,-lgcc,-lc,--end-group
'Finished building target: lab4.elf'
' '
'Invoking: ARM v7 Print Size'
arm-none-eabi-size lab4.elf  |tee "lab4.elf.size"
   text	   data	    bss	    dec	    hex	filename
  26004	   1196	   8248	  35448	   8a78	lab4.elf
'Finished building: lab4.elf.size'
' '
11:36:00 **** Incremental Build of configuration Debug for project lab4 ****
make pre-build main-build 
a9-linaro-pre-build-step
' '
make: Nothing to be done for `main-build'.
11:37:17 **** Auto Build of configuration Debug for project lab4 ****
make pre-build main-build 
a9-linaro-pre-build-step
' '
'Building file: ../src/lab4.c'
'Invoking: ARM v7 gcc compiler'
arm-none-eabi-gcc -Wall -O0 -g3 -c -fmessage-length=0 -MT"src/lab4.o" -mcpu=cortex-a9 -mfpu=vfpv3 -mfloat-abi=hard -I../../lab4_bsp/ps7_cortexa9_0/include -MMD -MP -MF"src/lab4.d" -MT"src/lab4.o" -o "src/lab4.o" "../src/lab4.c"
../src/lab4.c: In function 'main':
../src/lab4.c:15:8: warning: unused variable 'timer_state' [-Wunused-variable]
    int timer_state = 0;
        ^~~~~~~~~~~
../src/lab4.c:14:15: warning: variable 'skip' set but not used [-Wunused-but-set-variable]
    int value, skip, Status;
               ^~~~
At top level:
../src/lab4.c:99:9: warning: 'multiMatrixHard' defined but not used [-Wunused-function]
    void multiMatrixHard(VectorArray A,VectorArray B, VectorArray P) {
         ^~~~~~~~~~~~~~~
'Finished building: ../src/lab4.c'
' '
'Building target: lab4.elf'
'Invoking: ARM v7 gcc linker'
arm-none-eabi-gcc -mcpu=cortex-a9 -mfpu=vfpv3 -mfloat-abi=hard -Wl,-build-id=none -specs=Xilinx.spec -Wl,-T -Wl,../src/lscript.ld -L../../lab4_bsp/ps7_cortexa9_0/lib -o "lab4.elf"  ./src/lab4.o   -Wl,--start-group,-lxil,-lgcc,-lc,--end-group
'Finished building target: lab4.elf'
' '
'Invoking: ARM v7 Print Size'
arm-none-eabi-size lab4.elf  |tee "lab4.elf.size"
   text	   data	    bss	    dec	    hex	filename
  25936	   1196	   8248	  35380	   8a34	lab4.elf
'Finished building: lab4.elf.size'
' '
11:39:31 **** Auto Build of configuration Debug for project lab4 ****
make pre-build main-build 
a9-linaro-pre-build-step
' '
'Building file: ../src/lab4.c'
'Invoking: ARM v7 gcc compiler'
arm-none-eabi-gcc -Wall -O0 -g3 -c -fmessage-length=0 -MT"src/lab4.o" -mcpu=cortex-a9 -mfpu=vfpv3 -mfloat-abi=hard -I../../lab4_bsp/ps7_cortexa9_0/include -MMD -MP -MF"src/lab4.d" -MT"src/lab4.o" -o "src/lab4.o" "../src/lab4.c"
../src/lab4.c: In function 'main':
../src/lab4.c:15:8: warning: unused variable 'timer_state' [-Wunused-variable]
    int timer_state = 0;
        ^~~~~~~~~~~
../src/lab4.c:14:15: warning: variable 'skip' set but not used [-Wunused-but-set-variable]
    int value, skip, Status;
               ^~~~
At top level:
../src/lab4.c:99:9: warning: 'multiMatrixHard' defined but not used [-Wunused-function]
    void multiMatrixHard(VectorArray A,VectorArray B, VectorArray P) {
         ^~~~~~~~~~~~~~~
'Finished building: ../src/lab4.c'
' '
'Building target: lab4.elf'
'Invoking: ARM v7 gcc linker'
arm-none-eabi-gcc -mcpu=cortex-a9 -mfpu=vfpv3 -mfloat-abi=hard -Wl,-build-id=none -specs=Xilinx.spec -Wl,-T -Wl,../src/lscript.ld -L../../lab4_bsp/ps7_cortexa9_0/lib -o "lab4.elf"  ./src/lab4.o   -Wl,--start-group,-lxil,-lgcc,-lc,--end-group
'Finished building target: lab4.elf'
' '
'Invoking: ARM v7 Print Size'
arm-none-eabi-size lab4.elf  |tee "lab4.elf.size"
   text	   data	    bss	    dec	    hex	filename
  26004	   1196	   8248	  35448	   8a78	lab4.elf
'Finished building: lab4.elf.size'
' '
11:40:11 **** Auto Build of configuration Debug for project lab4 ****
make pre-build main-build 
a9-linaro-pre-build-step
' '
'Building file: ../src/lab4.c'
'Invoking: ARM v7 gcc compiler'
arm-none-eabi-gcc -Wall -O0 -g3 -c -fmessage-length=0 -MT"src/lab4.o" -mcpu=cortex-a9 -mfpu=vfpv3 -mfloat-abi=hard -I../../lab4_bsp/ps7_cortexa9_0/include -MMD -MP -MF"src/lab4.d" -MT"src/lab4.o" -o "src/lab4.o" "../src/lab4.c"
../src/lab4.c: In function 'main':
../src/lab4.c:15:8: warning: unused variable 'timer_state' [-Wunused-variable]
    int timer_state = 0;
        ^~~~~~~~~~~
../src/lab4.c:14:15: warning: variable 'skip' set but not used [-Wunused-but-set-variable]
    int value, skip, Status;
               ^~~~
At top level:
../src/lab4.c:99:9: warning: 'multiMatrixHard' defined but not used [-Wunused-function]
    void multiMatrixHard(VectorArray A,VectorArray B, VectorArray P) {
         ^~~~~~~~~~~~~~~
'Finished building: ../src/lab4.c'
' '
'Building target: lab4.elf'
'Invoking: ARM v7 gcc linker'
arm-none-eabi-gcc -mcpu=cortex-a9 -mfpu=vfpv3 -mfloat-abi=hard -Wl,-build-id=none -specs=Xilinx.spec -Wl,-T -Wl,../src/lscript.ld -L../../lab4_bsp/ps7_cortexa9_0/lib -o "lab4.elf"  ./src/lab4.o   -Wl,--start-group,-lxil,-lgcc,-lc,--end-group
'Finished building target: lab4.elf'
' '
'Invoking: ARM v7 Print Size'
arm-none-eabi-size lab4.elf  |tee "lab4.elf.size"
   text	   data	    bss	    dec	    hex	filename
  26020	   1196	   8248	  35464	   8a88	lab4.elf
'Finished building: lab4.elf.size'
' '
11:40:26 **** Incremental Build of configuration Debug for project lab4 ****
make pre-build main-build 
a9-linaro-pre-build-step
' '
make: Nothing to be done for `main-build'.
11:41:34 **** Incremental Build of configuration Debug for project lab4 ****
make pre-build main-build 
a9-linaro-pre-build-step
' '
make: Nothing to be done for `main-build'.
11:53:08 **** Auto Build of configuration Debug for project lab4 ****
make pre-build main-build 
a9-linaro-pre-build-step
' '
'Building file: ../src/lab4.c'
'Invoking: ARM v7 gcc compiler'
arm-none-eabi-gcc -Wall -O0 -g3 -c -fmessage-length=0 -MT"src/lab4.o" -mcpu=cortex-a9 -mfpu=vfpv3 -mfloat-abi=hard -I../../lab4_bsp/ps7_cortexa9_0/include -MMD -MP -MF"src/lab4.d" -MT"src/lab4.o" -o "src/lab4.o" "../src/lab4.c"
../src/lab4.c: In function 'main':
../src/lab4.c:15:8: warning: unused variable 'timer_state' [-Wunused-variable]
    int timer_state = 0;
        ^~~~~~~~~~~
../src/lab4.c:14:15: warning: variable 'skip' set but not used [-Wunused-but-set-variable]
    int value, skip, Status;
               ^~~~
At top level:
../src/lab4.c:100:9: warning: 'multiMatrixHard' defined but not used [-Wunused-function]
    void multiMatrixHard(VectorArray A,VectorArray B, VectorArray P) {
         ^~~~~~~~~~~~~~~
'Finished building: ../src/lab4.c'
' '
'Building target: lab4.elf'
'Invoking: ARM v7 gcc linker'
arm-none-eabi-gcc -mcpu=cortex-a9 -mfpu=vfpv3 -mfloat-abi=hard -Wl,-build-id=none -specs=Xilinx.spec -Wl,-T -Wl,../src/lscript.ld -L../../lab4_bsp/ps7_cortexa9_0/lib -o "lab4.elf"  ./src/lab4.o   -Wl,--start-group,-lxil,-lgcc,-lc,--end-group
'Finished building target: lab4.elf'
' '
'Invoking: ARM v7 Print Size'
arm-none-eabi-size lab4.elf  |tee "lab4.elf.size"
   text	   data	    bss	    dec	    hex	filename
  26020	   1196	   8248	  35464	   8a88	lab4.elf
'Finished building: lab4.elf.size'
' '
11:54:42 **** Auto Build of configuration Debug for project lab4 ****
make pre-build main-build 
a9-linaro-pre-build-step
' '
'Building file: ../src/lab4.c'
'Invoking: ARM v7 gcc compiler'
arm-none-eabi-gcc -Wall -O0 -g3 -c -fmessage-length=0 -MT"src/lab4.o" -mcpu=cortex-a9 -mfpu=vfpv3 -mfloat-abi=hard -I../../lab4_bsp/ps7_cortexa9_0/include -MMD -MP -MF"src/lab4.d" -MT"src/lab4.o" -o "src/lab4.o" "../src/lab4.c"
../src/lab4.c: In function 'main':
../src/lab4.c:15:8: warning: unused variable 'timer_state' [-Wunused-variable]
    int timer_state = 0;
        ^~~~~~~~~~~
../src/lab4.c:14:15: warning: variable 'skip' set but not used [-Wunused-but-set-variable]
    int value, skip, Status;
               ^~~~
At top level:
../src/lab4.c:101:9: warning: 'multiMatrixHard' defined but not used [-Wunused-function]
    void multiMatrixHard(VectorArray A,VectorArray B, VectorArray P) {
         ^~~~~~~~~~~~~~~
'Finished building: ../src/lab4.c'
' '
'Building target: lab4.elf'
'Invoking: ARM v7 gcc linker'
arm-none-eabi-gcc -mcpu=cortex-a9 -mfpu=vfpv3 -mfloat-abi=hard -Wl,-build-id=none -specs=Xilinx.spec -Wl,-T -Wl,../src/lscript.ld -L../../lab4_bsp/ps7_cortexa9_0/lib -o "lab4.elf"  ./src/lab4.o   -Wl,--start-group,-lxil,-lgcc,-lc,--end-group
'Finished building target: lab4.elf'
' '
'Invoking: ARM v7 Print Size'
arm-none-eabi-size lab4.elf  |tee "lab4.elf.size"
   text	   data	    bss	    dec	    hex	filename
  26020	   1196	   8248	  35464	   8a88	lab4.elf
'Finished building: lab4.elf.size'
' '
