11:54:42 **** Auto Build of configuration Debug for project lab4 ****
make pre-build main-build 
a9-linaro-pre-build-step
' '
'Building file: ../src/lab4.c'
'Invoking: ARM v7 gcc compiler'
arm-none-eabi-gcc -Wall -O0 -g3 -c -fmessage-length=0 -MT"src/lab4.o" -mcpu=cortex-a9 -mfpu=vfpv3 -mfloat-abi=hard -I../../lab4_bsp/ps7_cortexa9_0/include -MMD -MP -MF"src/lab4.d" -MT"src/lab4.o" -o "src/lab4.o" "../src/lab4.c"
../src/lab4.c: In function 'main':
../src/lab4.c:15:8: warning: unused variable 'timer_state' [-Wunused-variable]
    int timer_state = 0;
        ^~~~~~~~~~~
../src/lab4.c:14:15: warning: variable 'skip' set but not used [-Wunused-but-set-variable]
    int value, skip, Status;
               ^~~~
At top level:
../src/lab4.c:101:9: warning: 'multiMatrixHard' defined but not used [-Wunused-function]
    void multiMatrixHard(VectorArray A,VectorArray B, VectorArray P) {
         ^~~~~~~~~~~~~~~
'Finished building: ../src/lab4.c'
' '
'Building target: lab4.elf'
'Invoking: ARM v7 gcc linker'
arm-none-eabi-gcc -mcpu=cortex-a9 -mfpu=vfpv3 -mfloat-abi=hard -Wl,-build-id=none -specs=Xilinx.spec -Wl,-T -Wl,../src/lscript.ld -L../../lab4_bsp/ps7_cortexa9_0/lib -o "lab4.elf"  ./src/lab4.o   -Wl,--start-group,-lxil,-lgcc,-lc,--end-group
'Finished building target: lab4.elf'
' '
'Invoking: ARM v7 Print Size'
arm-none-eabi-size lab4.elf  |tee "lab4.elf.size"
   text	   data	    bss	    dec	    hex	filename
  26020	   1196	   8248	  35464	   8a88	lab4.elf
'Finished building: lab4.elf.size'
' '

11:54:44 Build Finished (took 1s.810ms)

